
\* TLAPM version 1.5.0
\* launched at 2023-11-27 14:14:21 with command line:
\* /home/ovini/Downloads/tlapm_real_altered/tlapm-main/tlapm-main/test/../tlapm -I /home/ovini/Downloads/tlapm_real_altered/tlapm-main/tlapm-main/test/../library --toolbox 0 0 --nofp ENABLED_INSTANCE_nullary_op_two_vars_test.tla --stretch 5

(* created new ".tlacache/TLAPS.tlaps/TLAPS.thy" *)
(* fingerprints written in ".tlacache/TLAPS.tlaps/fingerprints" *)
(* will not use fingerprints (because of option `--nofp`), but will now load fingerprints from the file `.tlacache/ENABLED_INSTANCE_nullary_op_two_vars_test.tlaps/fingerprints`, in order to overwrite with the new fingerprints, and then save the results at the end. *)
COMMAND-LINE ARGUMENT
file=.tlacache/ENABLED_INSTANCE_nullary_op_two_vars_test.tlaps/tlapm_e11fa9.smt; PATH='/home/ovini/Downloads/tlapm_real_altered/tlapm-main/tlapm-main/test/lib/tlaps/bin/:/home/ovini/.local/bin:/usr/local/sbin:/usr/local/bin:/usr/sbin:/usr/bin:/sbin:/bin:/usr/games:/usr/local/games:/snap/bin:/snap/bin:/home/ovini/Downloads/tlapm_real_altered/tlapm-main/tlapm-main:/home/ovini/Downloads/tlapm_real_altered/tlapm-main/lib/tlaps/bin'; z3 -smt2 -v:0 AUTO_CONFIG=false smt.MBQI=true "$file" >.tlacache/ENABLED_INSTANCE_nullary_op_two_vars_test.tlaps/tlapm_e11fa9.smt.out
CONTENT OF FILE SENT TO BACKEND
;; TLA+ Proof Manager 1.5.0
;; Proof obligation #1
;;   generated from file "./ENABLED_INSTANCE_nullary_op_two_vars_test.tla", line 16, characters 1-2

(set-logic UFNIA)
(declare-sort u 0)
;; Standard TLA+ operators

;; Terms, predicates and strings


;; Theorem to be Proved
(assert (not
  (exists ((a_CONSTANTunde_rhash_0unde_a u) (a_CONSTANTunde_rhash_1unde_a u))
    (not (= a_CONSTANTunde_rhash_1unde_a a_CONSTANTunde_rhash_0unde_a)))))

(check-sat)
(exit)

RESULT
sat

Zenon error: exhausted search space without finding a proof
(* created new ".tlacache/ENABLED_INSTANCE_nullary_op_two_vars_test.tlaps/ENABLED_INSTANCE_nullary_op_two_vars_test.thy" *)
(* fingerprints written in ".tlacache/ENABLED_INSTANCE_nullary_op_two_vars_test.tlaps/fingerprints" *)
(* created new ".tlacache/Inner.tlaps/Inner.thy" *)
(* fingerprints written in ".tlacache/Inner.tlaps/fingerprints" *)
