
\* TLAPM version 1.5.0
\* launched at 2023-11-27 14:14:22 with command line:
\* /home/ovini/Downloads/tlapm_real_altered/tlapm-main/tlapm-main/test/../tlapm -I /home/ovini/Downloads/tlapm_real_altered/tlapm-main/tlapm-main/test/../library --toolbox 0 0 --nofp ExpandOnlyENABLED_test.tla --stretch 5

(* created new ".tlacache/TLAPS.tlaps/TLAPS.thy" *)
(* fingerprints written in ".tlacache/TLAPS.tlaps/fingerprints" *)
(* will not use fingerprints (because of option `--nofp`), but will now load fingerprints from the file `.tlacache/ExpandOnlyENABLED_test.tlaps/fingerprints`, in order to overwrite with the new fingerprints, and then save the results at the end. *)
(* created new ".tlacache/ExpandOnlyENABLED_test.tlaps/ExpandOnlyENABLED_test.thy" *)
(* fingerprints written in ".tlacache/ExpandOnlyENABLED_test.tlaps/fingerprints" *)
