
\* TLAPM version 1.5.0
\* launched at 2023-11-27 14:14:23 with command line:
\* /home/ovini/Downloads/tlapm_real_altered/tlapm-main/tlapm-main/test/../tlapm -I /home/ovini/Downloads/tlapm_real_altered/tlapm-main/tlapm-main/test/../library --toolbox 0 0 --nofp NestedCdot_test.tla --stretch 5

(* will not use fingerprints (because of option `--nofp`), but will now load fingerprints from the file `.tlacache/NestedCdot_test.tlaps/fingerprints`, in order to overwrite with the new fingerprints, and then save the results at the end. *)
File "./NestedCdot_test.tla", line 47, character 30:
[INFO]: Auto-expanding the definition of operator:  P

(* created new ".tlacache/NestedCdot_test.tlaps/NestedCdot_test.thy" *)
(* fingerprints written in ".tlacache/NestedCdot_test.tlaps/fingerprints" *)
