
\* TLAPM version 1.5.0
\* launched at 2023-11-27 14:14:24 with command line:
\* /home/ovini/Downloads/tlapm_real_altered/tlapm-main/tlapm-main/test/../tlapm -I /home/ovini/Downloads/tlapm_real_altered/tlapm-main/tlapm-main/test/../library --toolbox 0 0 --nofp Subref_test.tla --stretch 5

(* will not use fingerprints (because of option `--nofp`), but will now load fingerprints from the file `.tlacache/Subref_test.tlaps/fingerprints`, in order to overwrite with the new fingerprints, and then save the results at the end. *)
COMMAND-LINE ARGUMENT
file=.tlacache/Subref_test.tlaps/tlapm_ef8169.smt; PATH='/home/ovini/Downloads/tlapm_real_altered/tlapm-main/tlapm-main/test/lib/tlaps/bin/:/home/ovini/.local/bin:/usr/local/sbin:/usr/local/bin:/usr/sbin:/usr/bin:/sbin:/bin:/usr/games:/usr/local/games:/snap/bin:/snap/bin:/home/ovini/Downloads/tlapm_real_altered/tlapm-main/tlapm-main:/home/ovini/Downloads/tlapm_real_altered/tlapm-main/lib/tlaps/bin'; z3 -smt2 -v:0 AUTO_CONFIG=false smt.MBQI=true "$file" >.tlacache/Subref_test.tlaps/tlapm_ef8169.smt.out
CONTENT OF FILE SENT TO BACKEND
;; TLA+ Proof Manager 1.5.0
;; Proof obligation #1
;;   generated from file "./Subref_test.tla", line 14, characters 7-13

(set-logic UFNIA)
(declare-sort u 0)
;; Standard TLA+ operators
(declare-fun tla__in (u u) Bool)

;; Terms, predicates and strings
(declare-fun a_CONSTANTunde_Sunde_a () u)
(declare-fun a_CONSTANTunde_xunde_a () u)
(declare-fun a_CONSTANTunde_yunde_a () u)
(declare-fun a_CONSTANTunde_zunde_a () u)

(assert
  (forall ((S_6 u) (T_7 u))
  (=> (forall ((X_3 u)) (= (tla__in X_3 S_6) (tla__in X_3 T_7))) (= S_6 T_7))))

;; Theorem to be Proved
(assert (not true))
(assert (tla__in a_CONSTANTunde_xunde_a a_CONSTANTunde_Sunde_a))
(assert (tla__in a_CONSTANTunde_yunde_a a_CONSTANTunde_Sunde_a))
(assert (tla__in a_CONSTANTunde_zunde_a a_CONSTANTunde_Sunde_a))

(check-sat)
(exit)

COMMAND-LINE ARGUMENT
file=.tlacache/Subref_test.tlaps/tlapm_8e8793.smt; PATH='/home/ovini/Downloads/tlapm_real_altered/tlapm-main/tlapm-main/test/lib/tlaps/bin/:/home/ovini/.local/bin:/usr/local/sbin:/usr/local/bin:/usr/sbin:/usr/bin:/sbin:/bin:/usr/games:/usr/local/games:/snap/bin:/snap/bin:/home/ovini/Downloads/tlapm_real_altered/tlapm-main/tlapm-main:/home/ovini/Downloads/tlapm_real_altered/tlapm-main/lib/tlaps/bin'; z3 -smt2 -v:0 AUTO_CONFIG=false smt.MBQI=true "$file" >.tlacache/Subref_test.tlaps/tlapm_8e8793.smt.out
CONTENT OF FILE SENT TO BACKEND
;; TLA+ Proof Manager 1.5.0
;; Proof obligation #2
;;   generated from file "./Subref_test.tla", line 16, characters 7-13

(set-logic UFNIA)
(declare-sort u 0)
;; Standard TLA+ operators
(declare-fun tla__in (u u) Bool)

;; Terms, predicates and strings
(declare-fun a_CONSTANTunde_Sunde_a () u)
(declare-fun a_CONSTANTunde_xunde_a () u)
(declare-fun a_CONSTANTunde_yunde_a () u)
(declare-fun a_CONSTANTunde_zunde_a () u)

(assert
  (forall ((S_6 u) (T_7 u))
  (=> (forall ((X_3 u)) (= (tla__in X_3 S_6) (tla__in X_3 T_7))) (= S_6 T_7))))

;; Theorem to be Proved
(assert (not true))
(assert (tla__in a_CONSTANTunde_xunde_a a_CONSTANTunde_Sunde_a))
(assert (tla__in a_CONSTANTunde_yunde_a a_CONSTANTunde_Sunde_a))
(assert (tla__in a_CONSTANTunde_zunde_a a_CONSTANTunde_Sunde_a))

(check-sat)
(exit)

COMMAND-LINE ARGUMENT
file=.tlacache/Subref_test.tlaps/tlapm_349be0.smt; PATH='/home/ovini/Downloads/tlapm_real_altered/tlapm-main/tlapm-main/test/lib/tlaps/bin/:/home/ovini/.local/bin:/usr/local/sbin:/usr/local/bin:/usr/sbin:/usr/bin:/sbin:/bin:/usr/games:/usr/local/games:/snap/bin:/snap/bin:/home/ovini/Downloads/tlapm_real_altered/tlapm-main/tlapm-main:/home/ovini/Downloads/tlapm_real_altered/tlapm-main/lib/tlaps/bin'; z3 -smt2 -v:0 AUTO_CONFIG=false smt.MBQI=true "$file" >.tlacache/Subref_test.tlaps/tlapm_349be0.smt.out
COMMAND-LINE ARGUMENT
file=.tlacache/Subref_test.tlaps/tlapm_1d1128.smt; PATH='/home/ovini/Downloads/tlapm_real_altered/tlapm-main/tlapm-main/test/lib/tlaps/bin/:/home/ovini/.local/bin:/usr/local/sbin:/usr/local/bin:/usr/sbin:/usr/bin:/sbin:/bin:/usr/games:/usr/local/games:/snap/bin:/snap/bin:/home/ovini/Downloads/tlapm_real_altered/tlapm-main/tlapm-main:/home/ovini/Downloads/tlapm_real_altered/tlapm-main/lib/tlaps/bin'; z3 -smt2 -v:0 AUTO_CONFIG=false smt.MBQI=true "$file" >.tlacache/Subref_test.tlaps/tlapm_1d1128.smt.out
COMMAND-LINE ARGUMENT
file=.tlacache/Subref_test.tlaps/tlapm_c2c06b.smt; PATH='/home/ovini/Downloads/tlapm_real_altered/tlapm-main/tlapm-main/test/lib/tlaps/bin/:/home/ovini/.local/bin:/usr/local/sbin:/usr/local/bin:/usr/sbin:/usr/bin:/sbin:/bin:/usr/games:/usr/local/games:/snap/bin:/snap/bin:/home/ovini/Downloads/tlapm_real_altered/tlapm-main/tlapm-main:/home/ovini/Downloads/tlapm_real_altered/tlapm-main/lib/tlaps/bin'; z3 -smt2 -v:0 AUTO_CONFIG=false smt.MBQI=true "$file" >.tlacache/Subref_test.tlaps/tlapm_c2c06b.smt.out
COMMAND-LINE ARGUMENT
file=.tlacache/Subref_test.tlaps/tlapm_c14e03.smt; PATH='/home/ovini/Downloads/tlapm_real_altered/tlapm-main/tlapm-main/test/lib/tlaps/bin/:/home/ovini/.local/bin:/usr/local/sbin:/usr/local/bin:/usr/sbin:/usr/bin:/sbin:/bin:/usr/games:/usr/local/games:/snap/bin:/snap/bin:/home/ovini/Downloads/tlapm_real_altered/tlapm-main/tlapm-main:/home/ovini/Downloads/tlapm_real_altered/tlapm-main/lib/tlaps/bin'; z3 -smt2 -v:0 AUTO_CONFIG=false smt.MBQI=true "$file" >.tlacache/Subref_test.tlaps/tlapm_c14e03.smt.out
COMMAND-LINE ARGUMENT
file=.tlacache/Subref_test.tlaps/tlapm_4899bd.smt; PATH='/home/ovini/Downloads/tlapm_real_altered/tlapm-main/tlapm-main/test/lib/tlaps/bin/:/home/ovini/.local/bin:/usr/local/sbin:/usr/local/bin:/usr/sbin:/usr/bin:/sbin:/bin:/usr/games:/usr/local/games:/snap/bin:/snap/bin:/home/ovini/Downloads/tlapm_real_altered/tlapm-main/tlapm-main:/home/ovini/Downloads/tlapm_real_altered/tlapm-main/lib/tlaps/bin'; z3 -smt2 -v:0 AUTO_CONFIG=false smt.MBQI=true "$file" >.tlacache/Subref_test.tlaps/tlapm_4899bd.smt.out
COMMAND-LINE ARGUMENT
file=.tlacache/Subref_test.tlaps/tlapm_d21473.smt; PATH='/home/ovini/Downloads/tlapm_real_altered/tlapm-main/tlapm-main/test/lib/tlaps/bin/:/home/ovini/.local/bin:/usr/local/sbin:/usr/local/bin:/usr/sbin:/usr/bin:/sbin:/bin:/usr/games:/usr/local/games:/snap/bin:/snap/bin:/home/ovini/Downloads/tlapm_real_altered/tlapm-main/tlapm-main:/home/ovini/Downloads/tlapm_real_altered/tlapm-main/lib/tlaps/bin'; z3 -smt2 -v:0 AUTO_CONFIG=false smt.MBQI=true "$file" >.tlacache/Subref_test.tlaps/tlapm_d21473.smt.out
RESULT
unsat

RESULT
unsat

COMMAND-LINE ARGUMENT
file=.tlacache/Subref_test.tlaps/tlapm_7d975e.smt; PATH='/home/ovini/Downloads/tlapm_real_altered/tlapm-main/tlapm-main/test/lib/tlaps/bin/:/home/ovini/.local/bin:/usr/local/sbin:/usr/local/bin:/usr/sbin:/usr/bin:/sbin:/bin:/usr/games:/usr/local/games:/snap/bin:/snap/bin:/home/ovini/Downloads/tlapm_real_altered/tlapm-main/tlapm-main:/home/ovini/Downloads/tlapm_real_altered/tlapm-main/lib/tlaps/bin'; z3 -smt2 -v:0 AUTO_CONFIG=false smt.MBQI=true "$file" >.tlacache/Subref_test.tlaps/tlapm_7d975e.smt.out
COMMAND-LINE ARGUMENT
file=.tlacache/Subref_test.tlaps/tlapm_9d602d.smt; PATH='/home/ovini/Downloads/tlapm_real_altered/tlapm-main/tlapm-main/test/lib/tlaps/bin/:/home/ovini/.local/bin:/usr/local/sbin:/usr/local/bin:/usr/sbin:/usr/bin:/sbin:/bin:/usr/games:/usr/local/games:/snap/bin:/snap/bin:/home/ovini/Downloads/tlapm_real_altered/tlapm-main/tlapm-main:/home/ovini/Downloads/tlapm_real_altered/tlapm-main/lib/tlaps/bin'; z3 -smt2 -v:0 AUTO_CONFIG=false smt.MBQI=true "$file" >.tlacache/Subref_test.tlaps/tlapm_9d602d.smt.out
COMMAND-LINE ARGUMENT
file=.tlacache/Subref_test.tlaps/tlapm_a13a57.smt; PATH='/home/ovini/Downloads/tlapm_real_altered/tlapm-main/tlapm-main/test/lib/tlaps/bin/:/home/ovini/.local/bin:/usr/local/sbin:/usr/local/bin:/usr/sbin:/usr/bin:/sbin:/bin:/usr/games:/usr/local/games:/snap/bin:/snap/bin:/home/ovini/Downloads/tlapm_real_altered/tlapm-main/tlapm-main:/home/ovini/Downloads/tlapm_real_altered/tlapm-main/lib/tlaps/bin'; z3 -smt2 -v:0 AUTO_CONFIG=false smt.MBQI=true "$file" >.tlacache/Subref_test.tlaps/tlapm_a13a57.smt.out
COMMAND-LINE ARGUMENT
file=.tlacache/Subref_test.tlaps/tlapm_f6930d.smt; PATH='/home/ovini/Downloads/tlapm_real_altered/tlapm-main/tlapm-main/test/lib/tlaps/bin/:/home/ovini/.local/bin:/usr/local/sbin:/usr/local/bin:/usr/sbin:/usr/bin:/sbin:/bin:/usr/games:/usr/local/games:/snap/bin:/snap/bin:/home/ovini/Downloads/tlapm_real_altered/tlapm-main/tlapm-main:/home/ovini/Downloads/tlapm_real_altered/tlapm-main/lib/tlaps/bin'; z3 -smt2 -v:0 AUTO_CONFIG=false smt.MBQI=true "$file" >.tlacache/Subref_test.tlaps/tlapm_f6930d.smt.out
COMMAND-LINE ARGUMENT
file=.tlacache/Subref_test.tlaps/tlapm_d15a48.smt; PATH='/home/ovini/Downloads/tlapm_real_altered/tlapm-main/tlapm-main/test/lib/tlaps/bin/:/home/ovini/.local/bin:/usr/local/sbin:/usr/local/bin:/usr/sbin:/usr/bin:/sbin:/bin:/usr/games:/usr/local/games:/snap/bin:/snap/bin:/home/ovini/Downloads/tlapm_real_altered/tlapm-main/tlapm-main:/home/ovini/Downloads/tlapm_real_altered/tlapm-main/lib/tlaps/bin'; z3 -smt2 -v:0 AUTO_CONFIG=false smt.MBQI=true "$file" >.tlacache/Subref_test.tlaps/tlapm_d15a48.smt.out
COMMAND-LINE ARGUMENT
file=.tlacache/Subref_test.tlaps/tlapm_1c5099.smt; PATH='/home/ovini/Downloads/tlapm_real_altered/tlapm-main/tlapm-main/test/lib/tlaps/bin/:/home/ovini/.local/bin:/usr/local/sbin:/usr/local/bin:/usr/sbin:/usr/bin:/sbin:/bin:/usr/games:/usr/local/games:/snap/bin:/snap/bin:/home/ovini/Downloads/tlapm_real_altered/tlapm-main/tlapm-main:/home/ovini/Downloads/tlapm_real_altered/tlapm-main/lib/tlaps/bin'; z3 -smt2 -v:0 AUTO_CONFIG=false smt.MBQI=true "$file" >.tlacache/Subref_test.tlaps/tlapm_1c5099.smt.out
COMMAND-LINE ARGUMENT
file=.tlacache/Subref_test.tlaps/tlapm_609272.smt; PATH='/home/ovini/Downloads/tlapm_real_altered/tlapm-main/tlapm-main/test/lib/tlaps/bin/:/home/ovini/.local/bin:/usr/local/sbin:/usr/local/bin:/usr/sbin:/usr/bin:/sbin:/bin:/usr/games:/usr/local/games:/snap/bin:/snap/bin:/home/ovini/Downloads/tlapm_real_altered/tlapm-main/tlapm-main:/home/ovini/Downloads/tlapm_real_altered/tlapm-main/lib/tlaps/bin'; z3 -smt2 -v:0 AUTO_CONFIG=false smt.MBQI=true "$file" >.tlacache/Subref_test.tlaps/tlapm_609272.smt.out
COMMAND-LINE ARGUMENT
file=.tlacache/Subref_test.tlaps/tlapm_5d9655.smt; PATH='/home/ovini/Downloads/tlapm_real_altered/tlapm-main/tlapm-main/test/lib/tlaps/bin/:/home/ovini/.local/bin:/usr/local/sbin:/usr/local/bin:/usr/sbin:/usr/bin:/sbin:/bin:/usr/games:/usr/local/games:/snap/bin:/snap/bin:/home/ovini/Downloads/tlapm_real_altered/tlapm-main/tlapm-main:/home/ovini/Downloads/tlapm_real_altered/tlapm-main/lib/tlaps/bin'; z3 -smt2 -v:0 AUTO_CONFIG=false smt.MBQI=true "$file" >.tlacache/Subref_test.tlaps/tlapm_5d9655.smt.out
COMMAND-LINE ARGUMENT
file=.tlacache/Subref_test.tlaps/tlapm_152873.smt; PATH='/home/ovini/Downloads/tlapm_real_altered/tlapm-main/tlapm-main/test/lib/tlaps/bin/:/home/ovini/.local/bin:/usr/local/sbin:/usr/local/bin:/usr/sbin:/usr/bin:/sbin:/bin:/usr/games:/usr/local/games:/snap/bin:/snap/bin:/home/ovini/Downloads/tlapm_real_altered/tlapm-main/tlapm-main:/home/ovini/Downloads/tlapm_real_altered/tlapm-main/lib/tlaps/bin'; z3 -smt2 -v:0 AUTO_CONFIG=false smt.MBQI=true "$file" >.tlacache/Subref_test.tlaps/tlapm_152873.smt.out
COMMAND-LINE ARGUMENT
file=.tlacache/Subref_test.tlaps/tlapm_0183a2.smt; PATH='/home/ovini/Downloads/tlapm_real_altered/tlapm-main/tlapm-main/test/lib/tlaps/bin/:/home/ovini/.local/bin:/usr/local/sbin:/usr/local/bin:/usr/sbin:/usr/bin:/sbin:/bin:/usr/games:/usr/local/games:/snap/bin:/snap/bin:/home/ovini/Downloads/tlapm_real_altered/tlapm-main/tlapm-main:/home/ovini/Downloads/tlapm_real_altered/tlapm-main/lib/tlaps/bin'; z3 -smt2 -v:0 AUTO_CONFIG=false smt.MBQI=true "$file" >.tlacache/Subref_test.tlaps/tlapm_0183a2.smt.out
COMMAND-LINE ARGUMENT
file=.tlacache/Subref_test.tlaps/tlapm_1b2d41.smt; PATH='/home/ovini/Downloads/tlapm_real_altered/tlapm-main/tlapm-main/test/lib/tlaps/bin/:/home/ovini/.local/bin:/usr/local/sbin:/usr/local/bin:/usr/sbin:/usr/bin:/sbin:/bin:/usr/games:/usr/local/games:/snap/bin:/snap/bin:/home/ovini/Downloads/tlapm_real_altered/tlapm-main/tlapm-main:/home/ovini/Downloads/tlapm_real_altered/tlapm-main/lib/tlaps/bin'; z3 -smt2 -v:0 AUTO_CONFIG=false smt.MBQI=true "$file" >.tlacache/Subref_test.tlaps/tlapm_1b2d41.smt.out
COMMAND-LINE ARGUMENT
file=.tlacache/Subref_test.tlaps/tlapm_6e2fd0.smt; PATH='/home/ovini/Downloads/tlapm_real_altered/tlapm-main/tlapm-main/test/lib/tlaps/bin/:/home/ovini/.local/bin:/usr/local/sbin:/usr/local/bin:/usr/sbin:/usr/bin:/sbin:/bin:/usr/games:/usr/local/games:/snap/bin:/snap/bin:/home/ovini/Downloads/tlapm_real_altered/tlapm-main/tlapm-main:/home/ovini/Downloads/tlapm_real_altered/tlapm-main/lib/tlaps/bin'; z3 -smt2 -v:0 AUTO_CONFIG=false smt.MBQI=true "$file" >.tlacache/Subref_test.tlaps/tlapm_6e2fd0.smt.out
COMMAND-LINE ARGUMENT
file=.tlacache/Subref_test.tlaps/tlapm_346b33.smt; PATH='/home/ovini/Downloads/tlapm_real_altered/tlapm-main/tlapm-main/test/lib/tlaps/bin/:/home/ovini/.local/bin:/usr/local/sbin:/usr/local/bin:/usr/sbin:/usr/bin:/sbin:/bin:/usr/games:/usr/local/games:/snap/bin:/snap/bin:/home/ovini/Downloads/tlapm_real_altered/tlapm-main/tlapm-main:/home/ovini/Downloads/tlapm_real_altered/tlapm-main/lib/tlaps/bin'; z3 -smt2 -v:0 AUTO_CONFIG=false smt.MBQI=true "$file" >.tlacache/Subref_test.tlaps/tlapm_346b33.smt.out
COMMAND-LINE ARGUMENT
file=.tlacache/Subref_test.tlaps/tlapm_eb8782.smt; PATH='/home/ovini/Downloads/tlapm_real_altered/tlapm-main/tlapm-main/test/lib/tlaps/bin/:/home/ovini/.local/bin:/usr/local/sbin:/usr/local/bin:/usr/sbin:/usr/bin:/sbin:/bin:/usr/games:/usr/local/games:/snap/bin:/snap/bin:/home/ovini/Downloads/tlapm_real_altered/tlapm-main/tlapm-main:/home/ovini/Downloads/tlapm_real_altered/tlapm-main/lib/tlaps/bin'; z3 -smt2 -v:0 AUTO_CONFIG=false smt.MBQI=true "$file" >.tlacache/Subref_test.tlaps/tlapm_eb8782.smt.out
COMMAND-LINE ARGUMENT
file=.tlacache/Subref_test.tlaps/tlapm_0d3feb.smt; PATH='/home/ovini/Downloads/tlapm_real_altered/tlapm-main/tlapm-main/test/lib/tlaps/bin/:/home/ovini/.local/bin:/usr/local/sbin:/usr/local/bin:/usr/sbin:/usr/bin:/sbin:/bin:/usr/games:/usr/local/games:/snap/bin:/snap/bin:/home/ovini/Downloads/tlapm_real_altered/tlapm-main/tlapm-main:/home/ovini/Downloads/tlapm_real_altered/tlapm-main/lib/tlaps/bin'; z3 -smt2 -v:0 AUTO_CONFIG=false smt.MBQI=true "$file" >.tlacache/Subref_test.tlaps/tlapm_0d3feb.smt.out
COMMAND-LINE ARGUMENT
file=.tlacache/Subref_test.tlaps/tlapm_133bc9.smt; PATH='/home/ovini/Downloads/tlapm_real_altered/tlapm-main/tlapm-main/test/lib/tlaps/bin/:/home/ovini/.local/bin:/usr/local/sbin:/usr/local/bin:/usr/sbin:/usr/bin:/sbin:/bin:/usr/games:/usr/local/games:/snap/bin:/snap/bin:/home/ovini/Downloads/tlapm_real_altered/tlapm-main/tlapm-main:/home/ovini/Downloads/tlapm_real_altered/tlapm-main/lib/tlaps/bin'; z3 -smt2 -v:0 AUTO_CONFIG=false smt.MBQI=true "$file" >.tlacache/Subref_test.tlaps/tlapm_133bc9.smt.out
COMMAND-LINE ARGUMENT
file=.tlacache/Subref_test.tlaps/tlapm_6c7ad5.smt; PATH='/home/ovini/Downloads/tlapm_real_altered/tlapm-main/tlapm-main/test/lib/tlaps/bin/:/home/ovini/.local/bin:/usr/local/sbin:/usr/local/bin:/usr/sbin:/usr/bin:/sbin:/bin:/usr/games:/usr/local/games:/snap/bin:/snap/bin:/home/ovini/Downloads/tlapm_real_altered/tlapm-main/tlapm-main:/home/ovini/Downloads/tlapm_real_altered/tlapm-main/lib/tlaps/bin'; z3 -smt2 -v:0 AUTO_CONFIG=false smt.MBQI=true "$file" >.tlacache/Subref_test.tlaps/tlapm_6c7ad5.smt.out
(* created new ".tlacache/Subref_test.tlaps/Subref_test.thy" *)
(* fingerprints written in ".tlacache/Subref_test.tlaps/fingerprints" *)
