
\* TLAPM version 1.5.0
\* launched at 2023-11-27 14:25:59 with command line:
\* /home/ovini/Downloads/tlapm_real_altered/tlapm-main/tlapm-main/test/../tlapm -I /home/ovini/Downloads/tlapm_real_altered/tlapm-main/tlapm-main/test/../library --toolbox 0 0 FingerprintVariablesParameters_test.tla

(* loading fingerprints in ".tlacache/FingerprintVariablesParameters_test.tlaps/fingerprints" *)
(* created new ".tlacache/FingerprintVariablesParameters_test.tlaps/FingerprintVariablesParameters_test.thy" *)
(* fingerprints written in ".tlacache/FingerprintVariablesParameters_test.tlaps/fingerprints" *)

\* TLAPM version 1.5.0
\* launched at 2023-11-27 14:26:00 with command line:
\* /home/ovini/Downloads/tlapm_real_altered/tlapm-main/tlapm-main/test/../tlapm -I /home/ovini/Downloads/tlapm_real_altered/tlapm-main/tlapm-main/test/../library --toolbox 0 0 FingerprintVariablesParameters_test.tla

(* loading fingerprints in ".tlacache/FingerprintVariablesParameters_test.tlaps/fingerprints" *)
(* created new ".tlacache/FingerprintVariablesParameters_test.tlaps/FingerprintVariablesParameters_test.thy" *)
(* fingerprints written in ".tlacache/FingerprintVariablesParameters_test.tlaps/fingerprints" *)
