
\* TLAPM version 1.5.0
\* launched at 2023-11-27 14:16:23 with command line:
\* /home/ovini/Downloads/tlapm_real_altered/tlapm-main/tlapm-main/test/../tlapm -I /home/ovini/Downloads/tlapm_real_altered/tlapm-main/tlapm-main/test/../library --toolbox 0 0 --nofp identity1_test.tla --stretch 5

(* created new ".tlacache/TLAPS.tlaps/TLAPS.thy" *)
(* fingerprints written in ".tlacache/TLAPS.tlaps/fingerprints" *)
(* will not use fingerprints (because of option `--nofp`), but will now load fingerprints from the file `.tlacache/identity1_test.tlaps/fingerprints`, in order to overwrite with the new fingerprints, and then save the results at the end. *)
COMMAND-LINE ARGUMENT
file=.tlacache/identity1_test.tlaps/tlapm_45c581.smt; PATH='/home/ovini/Downloads/tlapm_real_altered/tlapm-main/tlapm-main/test/lib/tlaps/bin/:/home/ovini/.local/bin:/usr/local/sbin:/usr/local/bin:/usr/sbin:/usr/bin:/sbin:/bin:/usr/games:/usr/local/games:/snap/bin:/snap/bin:/home/ovini/Downloads/tlapm_real_altered/tlapm-main/tlapm-main:/home/ovini/Downloads/tlapm_real_altered/tlapm-main/lib/tlaps/bin'; z3 -smt2 -v:0 AUTO_CONFIG=false smt.MBQI=true "$file" >.tlacache/identity1_test.tlaps/tlapm_45c581.smt.out
CONTENT OF FILE SENT TO BACKEND
;; TLA+ Proof Manager 1.5.0
;; Proof obligation #1
;;   generated from file "./identity1_test.tla", line 15, characters 5-6

(set-logic UFNIA)
(declare-sort u 0)
;; Standard TLA+ operators
(declare-fun tla__in (u u) Bool)
(declare-fun tla__isAFcn (u) Bool)
(declare-fun tla__DOMAIN (u) u)
(declare-fun tla__fcnapp (u u) u)
(declare-fun tla__unspec (u u) u)

;; Terms, predicates and strings
(declare-fun a_CONSTANTunde_Sunde_a () u)
(declare-fun a_CONSTANTunde_xunde_a () u)
(declare-fun a_aunde_unde_2a () u)
(declare-fun a_aunde_unde_3a () u)
(declare-fun a_aunde_unde_5a () u)

(assert
  (forall ((S_13 u) (T_14 u))
  (=>
  (forall ((X_10 u)) (= (tla__in X_10 S_13) (tla__in X_10 T_14)))
  (= S_13 T_14))))
(assert
  (forall ((F_16 u) (G_17 u))
  (=>
  (and
  (tla__isAFcn F_16) (tla__isAFcn G_17)
  (forall ((X_10 u))
  (= (tla__in X_10 (tla__DOMAIN F_16)) (tla__in X_10 (tla__DOMAIN G_17)))))
  (= (tla__DOMAIN F_16) (tla__DOMAIN G_17)))))
(assert
  (forall ((F_16 u) (G_17 u))
  (=>
  (and
  (tla__isAFcn F_16) (tla__isAFcn G_17)
  (= (tla__DOMAIN F_16) (tla__DOMAIN G_17))
  (forall ((X_10 u))
  (=>
  (tla__in X_10 (tla__DOMAIN G_17))
  (= (tla__fcnapp F_16 X_10) (tla__fcnapp G_17 X_10)))))
  (= F_16 G_17))))

;; Theorem to be Proved
(assert (not
  (ite
    (forall ((a_v1a u))
      (=>
        (tla__in a_v1a a_CONSTANTunde_Sunde_a)
        (tla__in a_v1a a_CONSTANTunde_Sunde_a))) true
    (ite
      (tla__in
        a_CONSTANTunde_xunde_a
        (tla__DOMAIN (tla__unspec a_aunde_unde_2a a_aunde_unde_3a)))
      (=
        (tla__fcnapp
          (tla__unspec a_aunde_unde_2a a_aunde_unde_3a)
          a_CONSTANTunde_xunde_a) a_CONSTANTunde_xunde_a)
      (=
        (tla__unspec
          (tla__unspec a_aunde_unde_2a a_aunde_unde_3a)
          a_CONSTANTunde_xunde_a) a_CONSTANTunde_xunde_a)))))
(assert
  (forall ((a_v6a u))
    (! (=
         (tla__in a_v6a a_aunde_unde_5a)
         (and
           (tla__isAFcn a_v6a) (= (tla__DOMAIN a_v6a) a_CONSTANTunde_Sunde_a)
           (forall ((a_v7a u))
             (=>
               (tla__in a_v7a a_CONSTANTunde_Sunde_a)
               (tla__in (tla__fcnapp a_v6a a_v7a) a_CONSTANTunde_Sunde_a))))) :pattern (
    (tla__in a_v6a a_aunde_unde_5a)))))
(assert (tla__isAFcn a_aunde_unde_2a))
(assert (= (tla__DOMAIN a_aunde_unde_2a) a_aunde_unde_5a))
(assert
  (forall ((a_CONSTANTunde_xunde_unde_1a u))
    (=>
      (and
        (tla__isAFcn a_CONSTANTunde_xunde_unde_1a)
        (= (tla__DOMAIN a_CONSTANTunde_xunde_unde_1a) a_CONSTANTunde_Sunde_a)
        (forall ((a_v4a u))
          (=>
            (tla__in a_v4a a_CONSTANTunde_Sunde_a)
            (tla__in
              (tla__fcnapp a_CONSTANTunde_xunde_unde_1a a_v4a)
              a_CONSTANTunde_Sunde_a))))
      (=
        (tla__fcnapp a_aunde_unde_2a a_CONSTANTunde_xunde_unde_1a)
        a_CONSTANTunde_xunde_unde_1a))))
(assert (tla__isAFcn a_aunde_unde_3a))
(assert (= (tla__DOMAIN a_aunde_unde_3a) a_CONSTANTunde_Sunde_a))
(assert
  (forall ((a_CONSTANTunde_xunde_unde_1a u))
    (=>
      (tla__in a_CONSTANTunde_xunde_unde_1a a_CONSTANTunde_Sunde_a)
      (=
        (tla__fcnapp a_aunde_unde_3a a_CONSTANTunde_xunde_unde_1a)
        a_CONSTANTunde_xunde_unde_1a))))
(assert (tla__in a_CONSTANTunde_xunde_a a_CONSTANTunde_Sunde_a))

(check-sat)
(exit)

RESULT
unsat

(* created new ".tlacache/identity1_test.tlaps/identity1_test.thy" *)
(* fingerprints written in ".tlacache/identity1_test.tlaps/fingerprints" *)
