(error "line 21 column 21: Parsing function declaration. Expecting sort list '(': unknown sort 'Int'")
(error "line 23 column 23: Invalid function declaration: unknown sort 'Int'")
(error "line 39 column 26: Invalid function declaration: unknown sort 'Int'")
(error "line 57 column 17: invalid sorted variables: unknown sort 'Int'")
(error "line 64 column 47: invalid sorted variables: unknown sort 'Int'")
(error "line 125 column 68: unknown constant tla__Len (u) ")
(error "line 131 column 22: unknown constant tla__Len (u) ")
(error "line 138 column 26: invalid sorted variables: unknown sort 'Int'")
(error "line 144 column 47: unknown constant tla__Len (u) ")
(error "line 154 column 46: unknown constant tla__Len (u) ")
