
\* TLAPM version 1.5.0
\* launched at 2023-11-27 14:29:31 with command line:
\* /home/ovini/Downloads/tlapm_real_altered/tlapm-main/tlapm-main/test/../tlapm -I /home/ovini/Downloads/tlapm_real_altered/tlapm-main/tlapm-main/test/../library --toolbox 0 0 --nofp tuple_as_function1_test.tla --stretch 5

(* created new ".tlacache/TLAPS.tlaps/TLAPS.thy" *)
(* fingerprints written in ".tlacache/TLAPS.tlaps/fingerprints" *)
(* will not use fingerprints (because of option `--nofp`), but will now load fingerprints from the file `.tlacache/tuple_as_function1_test.tlaps/fingerprints`, in order to overwrite with the new fingerprints, and then save the results at the end. *)
COMMAND-LINE ARGUMENT
file=.tlacache/tuple_as_function1_test.tlaps/tlapm_2491aa.smt; PATH='/home/ovini/Downloads/tlapm_real_altered/tlapm-main/tlapm-main/test/lib/tlaps/bin/:/home/ovini/.local/bin:/usr/local/sbin:/usr/local/bin:/usr/sbin:/usr/bin:/sbin:/bin:/usr/games:/usr/local/games:/snap/bin:/snap/bin:/home/ovini/Downloads/tlapm_real_altered/tlapm-main/tlapm-main:/home/ovini/Downloads/tlapm_real_altered/tlapm-main/lib/tlaps/bin'; z3 -smt2 -v:0 AUTO_CONFIG=false smt.MBQI=true "$file" >.tlacache/tuple_as_function1_test.tlaps/tlapm_2491aa.smt.out
CONTENT OF FILE SENT TO BACKEND
;; TLA+ Proof Manager 1.5.0
;; Proof obligation #1
;;   generated from file "./tuple_as_function1_test.tla", line 27, characters 5-6

(set-logic UFNIA)
(declare-sort u 0)
;; Standard TLA+ operators
(declare-fun int2u (Int) u)
(declare-fun u2int (u) Int)
(declare-fun tla__in (u u) Bool)
(declare-fun tla__isAFcn (u) Bool)
(declare-fun tla__DOMAIN (u) u)
(declare-fun tla__fcnapp (u u) u)

;; Terms, predicates and strings
(declare-fun a_CONSTANTunde_Aunde_a () u)
(declare-fun a_CONSTANTunde_Bunde_a () u)
(declare-fun a_CONSTANTunde_Cunde_a () u)
(declare-fun a_CONSTANTunde_xunde_a () u)
(declare-fun a_aunde_unde_2a () u)

(assert
  (forall ((X_6 Int)) (! (= (u2int (int2u X_6)) X_6) :pattern ((int2u X_6)))))
(assert
  (forall ((S_9 u) (T_10 u))
  (=> (forall ((X_6 u)) (= (tla__in X_6 S_9) (tla__in X_6 T_10))) (= S_9 T_10))))
(assert
  (forall ((F_12 u) (G_13 u))
  (=>
  (and
  (tla__isAFcn F_12) (tla__isAFcn G_13)
  (forall ((X_6 u))
  (= (tla__in X_6 (tla__DOMAIN F_12)) (tla__in X_6 (tla__DOMAIN G_13)))))
  (= (tla__DOMAIN F_12) (tla__DOMAIN G_13)))))
(assert
  (forall ((F_12 u) (G_13 u))
  (=>
  (and
  (tla__isAFcn F_12) (tla__isAFcn G_13)
  (= (tla__DOMAIN F_12) (tla__DOMAIN G_13))
  (forall ((X_6 u))
  (=>
  (tla__in X_6 (tla__DOMAIN G_13))
  (= (tla__fcnapp F_12 X_6) (tla__fcnapp G_13 X_6)))))
  (= F_12 G_13))))

;; Theorem to be Proved
(assert (not
  (and
    (tla__isAFcn a_CONSTANTunde_xunde_a)
    (or
      (tla__in
        (tla__fcnapp a_CONSTANTunde_xunde_a (int2u 1)) a_CONSTANTunde_Aunde_a)
      (tla__in
        (tla__fcnapp a_CONSTANTunde_xunde_a (int2u 1)) a_CONSTANTunde_Bunde_a)
      (tla__in
        (tla__fcnapp a_CONSTANTunde_xunde_a (int2u 1)) a_CONSTANTunde_Cunde_a))
    (or
      (tla__in
        (tla__fcnapp a_CONSTANTunde_xunde_a (int2u 2)) a_CONSTANTunde_Aunde_a)
      (tla__in
        (tla__fcnapp a_CONSTANTunde_xunde_a (int2u 2)) a_CONSTANTunde_Bunde_a)
      (tla__in
        (tla__fcnapp a_CONSTANTunde_xunde_a (int2u 2)) a_CONSTANTunde_Cunde_a))
    (or
      (tla__in
        (tla__fcnapp a_CONSTANTunde_xunde_a (int2u 3)) a_CONSTANTunde_Aunde_a)
      (tla__in
        (tla__fcnapp a_CONSTANTunde_xunde_a (int2u 3)) a_CONSTANTunde_Bunde_a)
      (tla__in
        (tla__fcnapp a_CONSTANTunde_xunde_a (int2u 3)) a_CONSTANTunde_Cunde_a)))))
(assert
  (forall ((a_v3a u))
    (! (=
         (tla__in a_v3a a_aunde_unde_2a)
         (or (= a_v3a (int2u 1)) (= a_v3a (int2u 2)) (= a_v3a (int2u 3)))) :pattern (
    (tla__in a_v3a a_aunde_unde_2a)))))
(assert (tla__isAFcn a_CONSTANTunde_xunde_a))
(assert (= (tla__DOMAIN a_CONSTANTunde_xunde_a) a_aunde_unde_2a))
(assert
  (tla__in
    (tla__fcnapp a_CONSTANTunde_xunde_a (int2u 1)) a_CONSTANTunde_Aunde_a))
(assert
  (tla__in
    (tla__fcnapp a_CONSTANTunde_xunde_a (int2u 2)) a_CONSTANTunde_Bunde_a))
(assert
  (tla__in
    (tla__fcnapp a_CONSTANTunde_xunde_a (int2u 3)) a_CONSTANTunde_Cunde_a))
(assert (= (tla__DOMAIN a_CONSTANTunde_xunde_a) a_aunde_unde_2a))
(assert
  (or
    (tla__in
      (tla__fcnapp a_CONSTANTunde_xunde_a (int2u 1)) a_CONSTANTunde_Aunde_a)
    (tla__in
      (tla__fcnapp a_CONSTANTunde_xunde_a (int2u 1)) a_CONSTANTunde_Bunde_a)
    (tla__in
      (tla__fcnapp a_CONSTANTunde_xunde_a (int2u 1)) a_CONSTANTunde_Cunde_a)))
(assert
  (or
    (tla__in
      (tla__fcnapp a_CONSTANTunde_xunde_a (int2u 2)) a_CONSTANTunde_Aunde_a)
    (tla__in
      (tla__fcnapp a_CONSTANTunde_xunde_a (int2u 2)) a_CONSTANTunde_Bunde_a)
    (tla__in
      (tla__fcnapp a_CONSTANTunde_xunde_a (int2u 2)) a_CONSTANTunde_Cunde_a)))
(assert
  (or
    (tla__in
      (tla__fcnapp a_CONSTANTunde_xunde_a (int2u 3)) a_CONSTANTunde_Aunde_a)
    (tla__in
      (tla__fcnapp a_CONSTANTunde_xunde_a (int2u 3)) a_CONSTANTunde_Bunde_a)
    (tla__in
      (tla__fcnapp a_CONSTANTunde_xunde_a (int2u 3)) a_CONSTANTunde_Cunde_a)))

(check-sat)
(exit)

COMMAND-LINE ARGUMENT
file=.tlacache/tuple_as_function1_test.tlaps/tlapm_79e930.smt; PATH='/home/ovini/Downloads/tlapm_real_altered/tlapm-main/tlapm-main/test/lib/tlaps/bin/:/home/ovini/.local/bin:/usr/local/sbin:/usr/local/bin:/usr/sbin:/usr/bin:/sbin:/bin:/usr/games:/usr/local/games:/snap/bin:/snap/bin:/home/ovini/Downloads/tlapm_real_altered/tlapm-main/tlapm-main:/home/ovini/Downloads/tlapm_real_altered/tlapm-main/lib/tlaps/bin'; z3 -smt2 -v:0 AUTO_CONFIG=false smt.MBQI=true "$file" >.tlacache/tuple_as_function1_test.tlaps/tlapm_79e930.smt.out
CONTENT OF FILE SENT TO BACKEND
;; TLA+ Proof Manager 1.5.0
;; Proof obligation #4
;;   generated from file "./tuple_as_function1_test.tla", line 15, characters 5-11

(set-logic UFNIA)
(declare-sort u 0)
;; Standard TLA+ operators
(declare-fun int2u (Int) u)
(declare-fun u2int (u) Int)
(declare-fun tla__in (u u) Bool)
(declare-fun tla__isAFcn (u) Bool)
(declare-fun tla__DOMAIN (u) u)
(declare-fun tla__fcnapp (u u) u)

;; Terms, predicates and strings
(declare-fun a_CONSTANTunde_Aunde_a () u)
(declare-fun a_CONSTANTunde_Bunde_a () u)
(declare-fun a_CONSTANTunde_Cunde_a () u)
(declare-fun a_aunde_unde_4a () u)

(assert
  (forall ((X_8 Int)) (! (= (u2int (int2u X_8)) X_8) :pattern ((int2u X_8)))))
(assert
  (forall ((S_11 u) (T_12 u))
  (=>
  (forall ((X_8 u)) (= (tla__in X_8 S_11) (tla__in X_8 T_12))) (= S_11 T_12))))
(assert
  (forall ((F_14 u) (G_15 u))
  (=>
  (and
  (tla__isAFcn F_14) (tla__isAFcn G_15)
  (forall ((X_8 u))
  (= (tla__in X_8 (tla__DOMAIN F_14)) (tla__in X_8 (tla__DOMAIN G_15)))))
  (= (tla__DOMAIN F_14) (tla__DOMAIN G_15)))))
(assert
  (forall ((F_14 u) (G_15 u))
  (=>
  (and
  (tla__isAFcn F_14) (tla__isAFcn G_15)
  (= (tla__DOMAIN F_14) (tla__DOMAIN G_15))
  (forall ((X_8 u))
  (=>
  (tla__in X_8 (tla__DOMAIN G_15))
  (= (tla__fcnapp F_14 X_8) (tla__fcnapp G_15 X_8)))))
  (= F_14 G_15))))

;; Theorem to be Proved
(assert (not
  (forall ((a_v2a u))
    (=>
      (and
        (tla__isAFcn a_v2a) (= (tla__DOMAIN a_v2a) a_aunde_unde_4a)
        (tla__in (tla__fcnapp a_v2a (int2u 1)) a_CONSTANTunde_Aunde_a)
        (tla__in (tla__fcnapp a_v2a (int2u 2)) a_CONSTANTunde_Bunde_a)
        (tla__in (tla__fcnapp a_v2a (int2u 3)) a_CONSTANTunde_Cunde_a))
      (and
        (tla__isAFcn a_v2a) (= (tla__DOMAIN a_v2a) a_aunde_unde_4a)
        (or
          (tla__in (tla__fcnapp a_v2a (int2u 1)) a_CONSTANTunde_Aunde_a)
          (tla__in (tla__fcnapp a_v2a (int2u 1)) a_CONSTANTunde_Bunde_a)
          (tla__in (tla__fcnapp a_v2a (int2u 1)) a_CONSTANTunde_Cunde_a))
        (or
          (tla__in (tla__fcnapp a_v2a (int2u 2)) a_CONSTANTunde_Aunde_a)
          (tla__in (tla__fcnapp a_v2a (int2u 2)) a_CONSTANTunde_Bunde_a)
          (tla__in (tla__fcnapp a_v2a (int2u 2)) a_CONSTANTunde_Cunde_a))
        (or
          (tla__in (tla__fcnapp a_v2a (int2u 3)) a_CONSTANTunde_Aunde_a)
          (tla__in (tla__fcnapp a_v2a (int2u 3)) a_CONSTANTunde_Bunde_a)
          (tla__in (tla__fcnapp a_v2a (int2u 3)) a_CONSTANTunde_Cunde_a)))))))
(assert
  (forall ((a_v5a u))
    (! (=
         (tla__in a_v5a a_aunde_unde_4a)
         (or (= a_v5a (int2u 1)) (= a_v5a (int2u 2)) (= a_v5a (int2u 3)))) :pattern (
    (tla__in a_v5a a_aunde_unde_4a)))))
(assert
  (forall ((a_CONSTANTunde_xunde_a u))
    (=>
      (and
        (tla__isAFcn a_CONSTANTunde_xunde_a)
        (= (tla__DOMAIN a_CONSTANTunde_xunde_a) a_aunde_unde_4a)
        (tla__in
          (tla__fcnapp a_CONSTANTunde_xunde_a (int2u 1))
          a_CONSTANTunde_Aunde_a)
        (tla__in
          (tla__fcnapp a_CONSTANTunde_xunde_a (int2u 2))
          a_CONSTANTunde_Bunde_a)
        (tla__in
          (tla__fcnapp a_CONSTANTunde_xunde_a (int2u 3))
          a_CONSTANTunde_Cunde_a))
      (and
        (tla__isAFcn a_CONSTANTunde_xunde_a)
        (= (tla__DOMAIN a_CONSTANTunde_xunde_a) a_aunde_unde_4a)
        (or
          (tla__in
            (tla__fcnapp a_CONSTANTunde_xunde_a (int2u 1))
            a_CONSTANTunde_Aunde_a)
          (tla__in
            (tla__fcnapp a_CONSTANTunde_xunde_a (int2u 1))
            a_CONSTANTunde_Bunde_a)
          (tla__in
            (tla__fcnapp a_CONSTANTunde_xunde_a (int2u 1))
            a_CONSTANTunde_Cunde_a))
        (or
          (tla__in
            (tla__fcnapp a_CONSTANTunde_xunde_a (int2u 2))
            a_CONSTANTunde_Aunde_a)
          (tla__in
            (tla__fcnapp a_CONSTANTunde_xunde_a (int2u 2))
            a_CONSTANTunde_Bunde_a)
          (tla__in
            (tla__fcnapp a_CONSTANTunde_xunde_a (int2u 2))
            a_CONSTANTunde_Cunde_a))
        (or
          (tla__in
            (tla__fcnapp a_CONSTANTunde_xunde_a (int2u 3))
            a_CONSTANTunde_Aunde_a)
          (tla__in
            (tla__fcnapp a_CONSTANTunde_xunde_a (int2u 3))
            a_CONSTANTunde_Bunde_a)
          (tla__in
            (tla__fcnapp a_CONSTANTunde_xunde_a (int2u 3))
            a_CONSTANTunde_Cunde_a))))))

(check-sat)
(exit)

COMMAND-LINE ARGUMENT
file=.tlacache/tuple_as_function1_test.tlaps/tlapm_3c810c.smt; PATH='/home/ovini/Downloads/tlapm_real_altered/tlapm-main/tlapm-main/test/lib/tlaps/bin/:/home/ovini/.local/bin:/usr/local/sbin:/usr/local/bin:/usr/sbin:/usr/bin:/sbin:/bin:/usr/games:/usr/local/games:/snap/bin:/snap/bin:/home/ovini/Downloads/tlapm_real_altered/tlapm-main/tlapm-main:/home/ovini/Downloads/tlapm_real_altered/tlapm-main/lib/tlaps/bin'; z3 -smt2 -v:0 AUTO_CONFIG=false smt.MBQI=true "$file" >.tlacache/tuple_as_function1_test.tlaps/tlapm_3c810c.smt.out
CONTENT OF FILE SENT TO BACKEND
;; TLA+ Proof Manager 1.5.0
;; Proof obligation #5
;;   generated from file "./tuple_as_function1_test.tla", line 17, characters 5-11

(set-logic UFNIA)
(declare-sort u 0)
;; Standard TLA+ operators
(declare-fun int2u (Int) u)
(declare-fun u2int (u) Int)
(declare-fun tla__in (u u) Bool)
(declare-fun tla__isAFcn (u) Bool)
(declare-fun tla__DOMAIN (u) u)
(declare-fun tla__fcnapp (u u) u)

;; Terms, predicates and strings
(declare-fun a_CONSTANTunde_Aunde_a () u)
(declare-fun a_CONSTANTunde_Bunde_a () u)
(declare-fun a_CONSTANTunde_Cunde_a () u)
(declare-fun a_CONSTANTunde_xunde_a () u)
(declare-fun a_aunde_unde_1a () u)

(assert
  (forall ((X_5 Int)) (! (= (u2int (int2u X_5)) X_5) :pattern ((int2u X_5)))))
(assert
  (forall ((S_8 u) (T_9 u))
  (=> (forall ((X_5 u)) (= (tla__in X_5 S_8) (tla__in X_5 T_9))) (= S_8 T_9))))
(assert
  (forall ((F_11 u) (G_12 u))
  (=>
  (and
  (tla__isAFcn F_11) (tla__isAFcn G_12)
  (forall ((X_5 u))
  (= (tla__in X_5 (tla__DOMAIN F_11)) (tla__in X_5 (tla__DOMAIN G_12)))))
  (= (tla__DOMAIN F_11) (tla__DOMAIN G_12)))))
(assert
  (forall ((F_11 u) (G_12 u))
  (=>
  (and
  (tla__isAFcn F_11) (tla__isAFcn G_12)
  (= (tla__DOMAIN F_11) (tla__DOMAIN G_12))
  (forall ((X_5 u))
  (=>
  (tla__in X_5 (tla__DOMAIN G_12))
  (= (tla__fcnapp F_11 X_5) (tla__fcnapp G_12 X_5)))))
  (= F_11 G_12))))

;; Theorem to be Proved
(assert (not true))
(assert
  (forall ((a_v2a u))
    (! (=
         (tla__in a_v2a a_aunde_unde_1a)
         (or (= a_v2a (int2u 1)) (= a_v2a (int2u 2)) (= a_v2a (int2u 3)))) :pattern (
    (tla__in a_v2a a_aunde_unde_1a)))))
(assert (tla__isAFcn a_CONSTANTunde_xunde_a))
(assert (= (tla__DOMAIN a_CONSTANTunde_xunde_a) a_aunde_unde_1a))
(assert
  (tla__in
    (tla__fcnapp a_CONSTANTunde_xunde_a (int2u 1)) a_CONSTANTunde_Aunde_a))
(assert
  (tla__in
    (tla__fcnapp a_CONSTANTunde_xunde_a (int2u 2)) a_CONSTANTunde_Bunde_a))
(assert
  (tla__in
    (tla__fcnapp a_CONSTANTunde_xunde_a (int2u 3)) a_CONSTANTunde_Cunde_a))

(check-sat)
(exit)

COMMAND-LINE ARGUMENT
file=.tlacache/tuple_as_function1_test.tlaps/tlapm_9a796a.smt; PATH='/home/ovini/Downloads/tlapm_real_altered/tlapm-main/tlapm-main/test/lib/tlaps/bin/:/home/ovini/.local/bin:/usr/local/sbin:/usr/local/bin:/usr/sbin:/usr/bin:/sbin:/bin:/usr/games:/usr/local/games:/snap/bin:/snap/bin:/home/ovini/Downloads/tlapm_real_altered/tlapm-main/tlapm-main:/home/ovini/Downloads/tlapm_real_altered/tlapm-main/lib/tlaps/bin'; z3 -smt2 -v:0 AUTO_CONFIG=false smt.MBQI=true "$file" >.tlacache/tuple_as_function1_test.tlaps/tlapm_9a796a.smt.out
CONTENT OF FILE SENT TO BACKEND
;; TLA+ Proof Manager 1.5.0
;; Proof obligation #6
;;   generated from file "./tuple_as_function1_test.tla", line 25, characters 9-10

(set-logic UFNIA)
(declare-sort u 0)
;; Standard TLA+ operators
(declare-fun int2u (Int) u)
(declare-fun u2int (u) Int)
(declare-fun tla__in (u u) Bool)
(declare-fun tla__isAFcn (u) Bool)
(declare-fun tla__DOMAIN (u) u)
(declare-fun tla__fcnapp (u u) u)
(declare-fun tla__unspec (u u) u)

;; Terms, predicates and strings
(declare-fun a_CONSTANTunde_Aunde_a () u)
(declare-fun a_CONSTANTunde_Bunde_a () u)
(declare-fun a_CONSTANTunde_Cunde_a () u)
(declare-fun a_CONSTANTunde_iunde_a () Int)
(declare-fun a_CONSTANTunde_xunde_a () u)
(declare-fun a_aunde_unde_1a () u)

(assert
  (forall ((X_5 Int)) (! (= (u2int (int2u X_5)) X_5) :pattern ((int2u X_5)))))
(assert
  (forall ((S_8 u) (T_9 u))
  (=> (forall ((X_5 u)) (= (tla__in X_5 S_8) (tla__in X_5 T_9))) (= S_8 T_9))))
(assert
  (forall ((F_11 u) (G_12 u))
  (=>
  (and
  (tla__isAFcn F_11) (tla__isAFcn G_12)
  (forall ((X_5 u))
  (= (tla__in X_5 (tla__DOMAIN F_11)) (tla__in X_5 (tla__DOMAIN G_12)))))
  (= (tla__DOMAIN F_11) (tla__DOMAIN G_12)))))
(assert
  (forall ((F_11 u) (G_12 u))
  (=>
  (and
  (tla__isAFcn F_11) (tla__isAFcn G_12)
  (= (tla__DOMAIN F_11) (tla__DOMAIN G_12))
  (forall ((X_5 u))
  (=>
  (tla__in X_5 (tla__DOMAIN G_12))
  (= (tla__fcnapp F_11 X_5) (tla__fcnapp G_12 X_5)))))
  (= F_11 G_12))))

;; Theorem to be Proved
(assert (not
  (ite
    (or
      (= a_CONSTANTunde_iunde_a 1) (= a_CONSTANTunde_iunde_a 2)
      (= a_CONSTANTunde_iunde_a 3))
    (or
      (tla__in
        (tla__fcnapp a_CONSTANTunde_xunde_a (int2u a_CONSTANTunde_iunde_a))
        a_CONSTANTunde_Aunde_a)
      (tla__in
        (tla__fcnapp a_CONSTANTunde_xunde_a (int2u a_CONSTANTunde_iunde_a))
        a_CONSTANTunde_Bunde_a)
      (tla__in
        (tla__fcnapp a_CONSTANTunde_xunde_a (int2u a_CONSTANTunde_iunde_a))
        a_CONSTANTunde_Cunde_a))
    (or
      (tla__in
        (tla__unspec a_CONSTANTunde_xunde_a (int2u a_CONSTANTunde_iunde_a))
        a_CONSTANTunde_Aunde_a)
      (tla__in
        (tla__unspec a_CONSTANTunde_xunde_a (int2u a_CONSTANTunde_iunde_a))
        a_CONSTANTunde_Bunde_a)
      (tla__in
        (tla__unspec a_CONSTANTunde_xunde_a (int2u a_CONSTANTunde_iunde_a))
        a_CONSTANTunde_Cunde_a)))))
(assert
  (forall ((a_v2a u))
    (! (=
         (tla__in a_v2a a_aunde_unde_1a)
         (or (= a_v2a (int2u 1)) (= a_v2a (int2u 2)) (= a_v2a (int2u 3)))) :pattern (
    (tla__in a_v2a a_aunde_unde_1a)))))
(assert (tla__isAFcn a_CONSTANTunde_xunde_a))
(assert (= (tla__DOMAIN a_CONSTANTunde_xunde_a) a_aunde_unde_1a))
(assert
  (tla__in
    (tla__fcnapp a_CONSTANTunde_xunde_a (int2u 1)) a_CONSTANTunde_Aunde_a))
(assert
  (tla__in
    (tla__fcnapp a_CONSTANTunde_xunde_a (int2u 2)) a_CONSTANTunde_Bunde_a))
(assert
  (tla__in
    (tla__fcnapp a_CONSTANTunde_xunde_a (int2u 3)) a_CONSTANTunde_Cunde_a))
(assert
  (or
    (= a_CONSTANTunde_iunde_a 1) (= a_CONSTANTunde_iunde_a 2)
    (= a_CONSTANTunde_iunde_a 3)))
(assert
  (or
    (= a_CONSTANTunde_iunde_a 1) (= a_CONSTANTunde_iunde_a 2)
    (= a_CONSTANTunde_iunde_a 3)))
(assert
  (=>
    (= a_CONSTANTunde_iunde_a 1)
    (ite
      (or
        (= a_CONSTANTunde_iunde_a 1) (= a_CONSTANTunde_iunde_a 2)
        (= a_CONSTANTunde_iunde_a 3))
      (or
        (tla__in
          (tla__fcnapp a_CONSTANTunde_xunde_a (int2u a_CONSTANTunde_iunde_a))
          a_CONSTANTunde_Aunde_a)
        (tla__in
          (tla__fcnapp a_CONSTANTunde_xunde_a (int2u a_CONSTANTunde_iunde_a))
          a_CONSTANTunde_Bunde_a)
        (tla__in
          (tla__fcnapp a_CONSTANTunde_xunde_a (int2u a_CONSTANTunde_iunde_a))
          a_CONSTANTunde_Cunde_a))
      (or
        (tla__in
          (tla__unspec a_CONSTANTunde_xunde_a (int2u a_CONSTANTunde_iunde_a))
          a_CONSTANTunde_Aunde_a)
        (tla__in
          (tla__unspec a_CONSTANTunde_xunde_a (int2u a_CONSTANTunde_iunde_a))
          a_CONSTANTunde_Bunde_a)
        (tla__in
          (tla__unspec a_CONSTANTunde_xunde_a (int2u a_CONSTANTunde_iunde_a))
          a_CONSTANTunde_Cunde_a)))))
(assert
  (=>
    (= a_CONSTANTunde_iunde_a 2)
    (ite
      (or
        (= a_CONSTANTunde_iunde_a 1) (= a_CONSTANTunde_iunde_a 2)
        (= a_CONSTANTunde_iunde_a 3))
      (or
        (tla__in
          (tla__fcnapp a_CONSTANTunde_xunde_a (int2u a_CONSTANTunde_iunde_a))
          a_CONSTANTunde_Aunde_a)
        (tla__in
          (tla__fcnapp a_CONSTANTunde_xunde_a (int2u a_CONSTANTunde_iunde_a))
          a_CONSTANTunde_Bunde_a)
        (tla__in
          (tla__fcnapp a_CONSTANTunde_xunde_a (int2u a_CONSTANTunde_iunde_a))
          a_CONSTANTunde_Cunde_a))
      (or
        (tla__in
          (tla__unspec a_CONSTANTunde_xunde_a (int2u a_CONSTANTunde_iunde_a))
          a_CONSTANTunde_Aunde_a)
        (tla__in
          (tla__unspec a_CONSTANTunde_xunde_a (int2u a_CONSTANTunde_iunde_a))
          a_CONSTANTunde_Bunde_a)
        (tla__in
          (tla__unspec a_CONSTANTunde_xunde_a (int2u a_CONSTANTunde_iunde_a))
          a_CONSTANTunde_Cunde_a)))))
(assert
  (=>
    (= a_CONSTANTunde_iunde_a 3)
    (ite
      (or
        (= a_CONSTANTunde_iunde_a 1) (= a_CONSTANTunde_iunde_a 2)
        (= a_CONSTANTunde_iunde_a 3))
      (or
        (tla__in
          (tla__fcnapp a_CONSTANTunde_xunde_a (int2u a_CONSTANTunde_iunde_a))
          a_CONSTANTunde_Aunde_a)
        (tla__in
          (tla__fcnapp a_CONSTANTunde_xunde_a (int2u a_CONSTANTunde_iunde_a))
          a_CONSTANTunde_Bunde_a)
        (tla__in
          (tla__fcnapp a_CONSTANTunde_xunde_a (int2u a_CONSTANTunde_iunde_a))
          a_CONSTANTunde_Cunde_a))
      (or
        (tla__in
          (tla__unspec a_CONSTANTunde_xunde_a (int2u a_CONSTANTunde_iunde_a))
          a_CONSTANTunde_Aunde_a)
        (tla__in
          (tla__unspec a_CONSTANTunde_xunde_a (int2u a_CONSTANTunde_iunde_a))
          a_CONSTANTunde_Bunde_a)
        (tla__in
          (tla__unspec a_CONSTANTunde_xunde_a (int2u a_CONSTANTunde_iunde_a))
          a_CONSTANTunde_Cunde_a)))))

(check-sat)
(exit)

COMMAND-LINE ARGUMENT
file=.tlacache/tuple_as_function1_test.tlaps/tlapm_28c9cd.smt; PATH='/home/ovini/Downloads/tlapm_real_altered/tlapm-main/tlapm-main/test/lib/tlaps/bin/:/home/ovini/.local/bin:/usr/local/sbin:/usr/local/bin:/usr/sbin:/usr/bin:/sbin:/bin:/usr/games:/usr/local/games:/snap/bin:/snap/bin:/home/ovini/Downloads/tlapm_real_altered/tlapm-main/tlapm-main:/home/ovini/Downloads/tlapm_real_altered/tlapm-main/lib/tlaps/bin'; z3 -smt2 -v:0 AUTO_CONFIG=false smt.MBQI=true "$file" >.tlacache/tuple_as_function1_test.tlaps/tlapm_28c9cd.smt.out
CONTENT OF FILE SENT TO BACKEND
;; TLA+ Proof Manager 1.5.0
;; Proof obligation #11
;;   generated from file "./tuple_as_function1_test.tla", line 19, characters 5-23

(set-logic UFNIA)
(declare-sort u 0)
;; Standard TLA+ operators
(declare-fun int2u (Int) u)
(declare-fun u2int (u) Int)
(declare-fun tla__in (u u) Bool)
(declare-fun tla__isAFcn (u) Bool)
(declare-fun tla__DOMAIN (u) u)
(declare-fun tla__fcnapp (u u) u)
(declare-fun tla__unspec (u u) u)

;; Terms, predicates and strings
(declare-fun a_CONSTANTunde_Aunde_a () u)
(declare-fun a_CONSTANTunde_Bunde_a () u)
(declare-fun a_CONSTANTunde_Cunde_a () u)
(declare-fun a_CONSTANTunde_iunde_a () Int)
(declare-fun a_CONSTANTunde_xunde_a () u)
(declare-fun a_aunde_unde_1a () u)

(assert
  (forall ((X_5 Int)) (! (= (u2int (int2u X_5)) X_5) :pattern ((int2u X_5)))))
(assert
  (forall ((S_8 u) (T_9 u))
  (=> (forall ((X_5 u)) (= (tla__in X_5 S_8) (tla__in X_5 T_9))) (= S_8 T_9))))
(assert
  (forall ((F_11 u) (G_12 u))
  (=>
  (and
  (tla__isAFcn F_11) (tla__isAFcn G_12)
  (forall ((X_5 u))
  (= (tla__in X_5 (tla__DOMAIN F_11)) (tla__in X_5 (tla__DOMAIN G_12)))))
  (= (tla__DOMAIN F_11) (tla__DOMAIN G_12)))))
(assert
  (forall ((F_11 u) (G_12 u))
  (=>
  (and
  (tla__isAFcn F_11) (tla__isAFcn G_12)
  (= (tla__DOMAIN F_11) (tla__DOMAIN G_12))
  (forall ((X_5 u))
  (=>
  (tla__in X_5 (tla__DOMAIN G_12))
  (= (tla__fcnapp F_11 X_5) (tla__fcnapp G_12 X_5)))))
  (= F_11 G_12))))

;; Theorem to be Proved
(assert (not
  (ite
    (or
      (= a_CONSTANTunde_iunde_a 1) (= a_CONSTANTunde_iunde_a 2)
      (= a_CONSTANTunde_iunde_a 3))
    (or
      (tla__in
        (tla__fcnapp a_CONSTANTunde_xunde_a (int2u a_CONSTANTunde_iunde_a))
        a_CONSTANTunde_Aunde_a)
      (tla__in
        (tla__fcnapp a_CONSTANTunde_xunde_a (int2u a_CONSTANTunde_iunde_a))
        a_CONSTANTunde_Bunde_a)
      (tla__in
        (tla__fcnapp a_CONSTANTunde_xunde_a (int2u a_CONSTANTunde_iunde_a))
        a_CONSTANTunde_Cunde_a))
    (or
      (tla__in
        (tla__unspec a_CONSTANTunde_xunde_a (int2u a_CONSTANTunde_iunde_a))
        a_CONSTANTunde_Aunde_a)
      (tla__in
        (tla__unspec a_CONSTANTunde_xunde_a (int2u a_CONSTANTunde_iunde_a))
        a_CONSTANTunde_Bunde_a)
      (tla__in
        (tla__unspec a_CONSTANTunde_xunde_a (int2u a_CONSTANTunde_iunde_a))
        a_CONSTANTunde_Cunde_a)))))
(assert
  (forall ((a_v2a u))
    (! (=
         (tla__in a_v2a a_aunde_unde_1a)
         (or (= a_v2a (int2u 1)) (= a_v2a (int2u 2)) (= a_v2a (int2u 3)))) :pattern (
    (tla__in a_v2a a_aunde_unde_1a)))))
(assert (tla__isAFcn a_CONSTANTunde_xunde_a))
(assert (= (tla__DOMAIN a_CONSTANTunde_xunde_a) a_aunde_unde_1a))
(assert
  (tla__in
    (tla__fcnapp a_CONSTANTunde_xunde_a (int2u 1)) a_CONSTANTunde_Aunde_a))
(assert
  (tla__in
    (tla__fcnapp a_CONSTANTunde_xunde_a (int2u 2)) a_CONSTANTunde_Bunde_a))
(assert
  (tla__in
    (tla__fcnapp a_CONSTANTunde_xunde_a (int2u 3)) a_CONSTANTunde_Cunde_a))
(assert
  (or
    (tla__in
      (tla__fcnapp a_CONSTANTunde_xunde_a (int2u 1)) a_CONSTANTunde_Aunde_a)
    (tla__in
      (tla__fcnapp a_CONSTANTunde_xunde_a (int2u 1)) a_CONSTANTunde_Bunde_a)
    (tla__in
      (tla__fcnapp a_CONSTANTunde_xunde_a (int2u 1)) a_CONSTANTunde_Cunde_a)))
(assert
  (or
    (tla__in
      (tla__fcnapp a_CONSTANTunde_xunde_a (int2u 2)) a_CONSTANTunde_Aunde_a)
    (tla__in
      (tla__fcnapp a_CONSTANTunde_xunde_a (int2u 2)) a_CONSTANTunde_Bunde_a)
    (tla__in
      (tla__fcnapp a_CONSTANTunde_xunde_a (int2u 2)) a_CONSTANTunde_Cunde_a)))
(assert
  (or
    (tla__in
      (tla__fcnapp a_CONSTANTunde_xunde_a (int2u 3)) a_CONSTANTunde_Aunde_a)
    (tla__in
      (tla__fcnapp a_CONSTANTunde_xunde_a (int2u 3)) a_CONSTANTunde_Bunde_a)
    (tla__in
      (tla__fcnapp a_CONSTANTunde_xunde_a (int2u 3)) a_CONSTANTunde_Cunde_a)))
(assert
  (or
    (= a_CONSTANTunde_iunde_a 1) (= a_CONSTANTunde_iunde_a 2)
    (= a_CONSTANTunde_iunde_a 3)))

(check-sat)
(exit)

COMMAND-LINE ARGUMENT
file=.tlacache/tuple_as_function1_test.tlaps/tlapm_7d3314.smt; PATH='/home/ovini/Downloads/tlapm_real_altered/tlapm-main/tlapm-main/test/lib/tlaps/bin/:/home/ovini/.local/bin:/usr/local/sbin:/usr/local/bin:/usr/sbin:/usr/bin:/sbin:/bin:/usr/games:/usr/local/games:/snap/bin:/snap/bin:/home/ovini/Downloads/tlapm_real_altered/tlapm-main/tlapm-main:/home/ovini/Downloads/tlapm_real_altered/tlapm-main/lib/tlaps/bin'; z3 -smt2 -v:0 AUTO_CONFIG=false smt.MBQI=true "$file" >.tlacache/tuple_as_function1_test.tlaps/tlapm_7d3314.smt.out
CONTENT OF FILE SENT TO BACKEND
;; TLA+ Proof Manager 1.5.0
;; Proof obligation #13
;;   generated from file "./tuple_as_function1_test.tla", line 20, characters 37-43

(set-logic UFNIA)
(declare-sort u 0)
;; Standard TLA+ operators
(declare-fun int2u (Int) u)
(declare-fun u2int (u) Int)
(declare-fun tla__in (u u) Bool)
(declare-fun tla__isAFcn (u) Bool)
(declare-fun tla__DOMAIN (u) u)
(declare-fun tla__fcnapp (u u) u)

;; Terms, predicates and strings
(declare-fun a_CONSTANTunde_Aunde_a () u)
(declare-fun a_CONSTANTunde_Bunde_a () u)
(declare-fun a_CONSTANTunde_Cunde_a () u)
(declare-fun a_CONSTANTunde_iunde_a () Int)
(declare-fun a_CONSTANTunde_xunde_a () u)
(declare-fun a_aunde_unde_1a () u)

(assert
  (forall ((X_5 Int)) (! (= (u2int (int2u X_5)) X_5) :pattern ((int2u X_5)))))
(assert
  (forall ((S_8 u) (T_9 u))
  (=> (forall ((X_5 u)) (= (tla__in X_5 S_8) (tla__in X_5 T_9))) (= S_8 T_9))))
(assert
  (forall ((F_11 u) (G_12 u))
  (=>
  (and
  (tla__isAFcn F_11) (tla__isAFcn G_12)
  (forall ((X_5 u))
  (= (tla__in X_5 (tla__DOMAIN F_11)) (tla__in X_5 (tla__DOMAIN G_12)))))
  (= (tla__DOMAIN F_11) (tla__DOMAIN G_12)))))
(assert
  (forall ((F_11 u) (G_12 u))
  (=>
  (and
  (tla__isAFcn F_11) (tla__isAFcn G_12)
  (= (tla__DOMAIN F_11) (tla__DOMAIN G_12))
  (forall ((X_5 u))
  (=>
  (tla__in X_5 (tla__DOMAIN G_12))
  (= (tla__fcnapp F_11 X_5) (tla__fcnapp G_12 X_5)))))
  (= F_11 G_12))))

;; Theorem to be Proved
(assert (not
  (or
    (= a_CONSTANTunde_iunde_a 1) (= a_CONSTANTunde_iunde_a 2)
    (= a_CONSTANTunde_iunde_a 3))))
(assert
  (forall ((a_v2a u))
    (! (=
         (tla__in a_v2a a_aunde_unde_1a)
         (or (= a_v2a (int2u 1)) (= a_v2a (int2u 2)) (= a_v2a (int2u 3)))) :pattern (
    (tla__in a_v2a a_aunde_unde_1a)))))
(assert (tla__isAFcn a_CONSTANTunde_xunde_a))
(assert (= (tla__DOMAIN a_CONSTANTunde_xunde_a) a_aunde_unde_1a))
(assert
  (tla__in
    (tla__fcnapp a_CONSTANTunde_xunde_a (int2u 1)) a_CONSTANTunde_Aunde_a))
(assert
  (tla__in
    (tla__fcnapp a_CONSTANTunde_xunde_a (int2u 2)) a_CONSTANTunde_Bunde_a))
(assert
  (tla__in
    (tla__fcnapp a_CONSTANTunde_xunde_a (int2u 3)) a_CONSTANTunde_Cunde_a))
(assert
  (or
    (= a_CONSTANTunde_iunde_a 1) (= a_CONSTANTunde_iunde_a 2)
    (= a_CONSTANTunde_iunde_a 3)))

(check-sat)
(exit)

COMMAND-LINE ARGUMENT
file=.tlacache/tuple_as_function1_test.tlaps/tlapm_6db7af.smt; PATH='/home/ovini/Downloads/tlapm_real_altered/tlapm-main/tlapm-main/test/lib/tlaps/bin/:/home/ovini/.local/bin:/usr/local/sbin:/usr/local/bin:/usr/sbin:/usr/bin:/sbin:/bin:/usr/games:/usr/local/games:/snap/bin:/snap/bin:/home/ovini/Downloads/tlapm_real_altered/tlapm-main/tlapm-main:/home/ovini/Downloads/tlapm_real_altered/tlapm-main/lib/tlaps/bin'; z3 -smt2 -v:0 AUTO_CONFIG=false smt.MBQI=true "$file" >.tlacache/tuple_as_function1_test.tlaps/tlapm_6db7af.smt.out
CONTENT OF FILE SENT TO BACKEND
;; TLA+ Proof Manager 1.5.0
;; Proof obligation #14
;;   generated from file "./tuple_as_function1_test.tla", line 21, characters 25-26

(set-logic UFNIA)
(declare-sort u 0)
;; Standard TLA+ operators
(declare-fun int2u (Int) u)
(declare-fun u2int (u) Int)
(declare-fun tla__in (u u) Bool)
(declare-fun tla__isAFcn (u) Bool)
(declare-fun tla__DOMAIN (u) u)
(declare-fun tla__fcnapp (u u) u)

;; Terms, predicates and strings
(declare-fun a_CONSTANTunde_Aunde_a () u)
(declare-fun a_CONSTANTunde_Bunde_a () u)
(declare-fun a_CONSTANTunde_Cunde_a () u)
(declare-fun a_CONSTANTunde_iunde_a () Int)
(declare-fun a_CONSTANTunde_xunde_a () u)
(declare-fun a_aunde_unde_1a () u)

(assert
  (forall ((X_5 Int)) (! (= (u2int (int2u X_5)) X_5) :pattern ((int2u X_5)))))
(assert
  (forall ((S_8 u) (T_9 u))
  (=> (forall ((X_5 u)) (= (tla__in X_5 S_8) (tla__in X_5 T_9))) (= S_8 T_9))))
(assert
  (forall ((F_11 u) (G_12 u))
  (=>
  (and
  (tla__isAFcn F_11) (tla__isAFcn G_12)
  (forall ((X_5 u))
  (= (tla__in X_5 (tla__DOMAIN F_11)) (tla__in X_5 (tla__DOMAIN G_12)))))
  (= (tla__DOMAIN F_11) (tla__DOMAIN G_12)))))
(assert
  (forall ((F_11 u) (G_12 u))
  (=>
  (and
  (tla__isAFcn F_11) (tla__isAFcn G_12)
  (= (tla__DOMAIN F_11) (tla__DOMAIN G_12))
  (forall ((X_5 u))
  (=>
  (tla__in X_5 (tla__DOMAIN G_12))
  (= (tla__fcnapp F_11 X_5) (tla__fcnapp G_12 X_5)))))
  (= F_11 G_12))))

;; Theorem to be Proved
(assert (not
  (or
    (tla__in
      (tla__fcnapp a_CONSTANTunde_xunde_a (int2u 1)) a_CONSTANTunde_Aunde_a)
    (tla__in
      (tla__fcnapp a_CONSTANTunde_xunde_a (int2u 1)) a_CONSTANTunde_Bunde_a)
    (tla__in
      (tla__fcnapp a_CONSTANTunde_xunde_a (int2u 1)) a_CONSTANTunde_Cunde_a))))
(assert
  (forall ((a_v2a u))
    (! (=
         (tla__in a_v2a a_aunde_unde_1a)
         (or (= a_v2a (int2u 1)) (= a_v2a (int2u 2)) (= a_v2a (int2u 3)))) :pattern (
    (tla__in a_v2a a_aunde_unde_1a)))))
(assert (tla__isAFcn a_CONSTANTunde_xunde_a))
(assert (= (tla__DOMAIN a_CONSTANTunde_xunde_a) a_aunde_unde_1a))
(assert
  (tla__in
    (tla__fcnapp a_CONSTANTunde_xunde_a (int2u 1)) a_CONSTANTunde_Aunde_a))
(assert
  (tla__in
    (tla__fcnapp a_CONSTANTunde_xunde_a (int2u 2)) a_CONSTANTunde_Bunde_a))
(assert
  (tla__in
    (tla__fcnapp a_CONSTANTunde_xunde_a (int2u 3)) a_CONSTANTunde_Cunde_a))
(assert (= a_CONSTANTunde_iunde_a 1))

(check-sat)
(exit)

COMMAND-LINE ARGUMENT
file=.tlacache/tuple_as_function1_test.tlaps/tlapm_89f1e0.smt; PATH='/home/ovini/Downloads/tlapm_real_altered/tlapm-main/tlapm-main/test/lib/tlaps/bin/:/home/ovini/.local/bin:/usr/local/sbin:/usr/local/bin:/usr/sbin:/usr/bin:/sbin:/bin:/usr/games:/usr/local/games:/snap/bin:/snap/bin:/home/ovini/Downloads/tlapm_real_altered/tlapm-main/tlapm-main:/home/ovini/Downloads/tlapm_real_altered/tlapm-main/lib/tlaps/bin'; z3 -smt2 -v:0 AUTO_CONFIG=false smt.MBQI=true "$file" >.tlacache/tuple_as_function1_test.tlaps/tlapm_89f1e0.smt.out
CONTENT OF FILE SENT TO BACKEND
;; TLA+ Proof Manager 1.5.0
;; Proof obligation #16
;;   generated from file "./tuple_as_function1_test.tla", line 22, characters 25-26

(set-logic UFNIA)
(declare-sort u 0)
;; Standard TLA+ operators
(declare-fun int2u (Int) u)
(declare-fun u2int (u) Int)
(declare-fun tla__in (u u) Bool)
(declare-fun tla__isAFcn (u) Bool)
(declare-fun tla__DOMAIN (u) u)
(declare-fun tla__fcnapp (u u) u)

;; Terms, predicates and strings
(declare-fun a_CONSTANTunde_Aunde_a () u)
(declare-fun a_CONSTANTunde_Bunde_a () u)
(declare-fun a_CONSTANTunde_Cunde_a () u)
(declare-fun a_CONSTANTunde_iunde_a () Int)
(declare-fun a_CONSTANTunde_xunde_a () u)
(declare-fun a_aunde_unde_1a () u)

(assert
  (forall ((X_5 Int)) (! (= (u2int (int2u X_5)) X_5) :pattern ((int2u X_5)))))
(assert
  (forall ((S_8 u) (T_9 u))
  (=> (forall ((X_5 u)) (= (tla__in X_5 S_8) (tla__in X_5 T_9))) (= S_8 T_9))))
(assert
  (forall ((F_11 u) (G_12 u))
  (=>
  (and
  (tla__isAFcn F_11) (tla__isAFcn G_12)
  (forall ((X_5 u))
  (= (tla__in X_5 (tla__DOMAIN F_11)) (tla__in X_5 (tla__DOMAIN G_12)))))
  (= (tla__DOMAIN F_11) (tla__DOMAIN G_12)))))
(assert
  (forall ((F_11 u) (G_12 u))
  (=>
  (and
  (tla__isAFcn F_11) (tla__isAFcn G_12)
  (= (tla__DOMAIN F_11) (tla__DOMAIN G_12))
  (forall ((X_5 u))
  (=>
  (tla__in X_5 (tla__DOMAIN G_12))
  (= (tla__fcnapp F_11 X_5) (tla__fcnapp G_12 X_5)))))
  (= F_11 G_12))))

;; Theorem to be Proved
(assert (not
  (or
    (tla__in
      (tla__fcnapp a_CONSTANTunde_xunde_a (int2u 2)) a_CONSTANTunde_Aunde_a)
    (tla__in
      (tla__fcnapp a_CONSTANTunde_xunde_a (int2u 2)) a_CONSTANTunde_Bunde_a)
    (tla__in
      (tla__fcnapp a_CONSTANTunde_xunde_a (int2u 2)) a_CONSTANTunde_Cunde_a))))
(assert
  (forall ((a_v2a u))
    (! (=
         (tla__in a_v2a a_aunde_unde_1a)
         (or (= a_v2a (int2u 1)) (= a_v2a (int2u 2)) (= a_v2a (int2u 3)))) :pattern (
    (tla__in a_v2a a_aunde_unde_1a)))))
(assert (tla__isAFcn a_CONSTANTunde_xunde_a))
(assert (= (tla__DOMAIN a_CONSTANTunde_xunde_a) a_aunde_unde_1a))
(assert
  (tla__in
    (tla__fcnapp a_CONSTANTunde_xunde_a (int2u 1)) a_CONSTANTunde_Aunde_a))
(assert
  (tla__in
    (tla__fcnapp a_CONSTANTunde_xunde_a (int2u 2)) a_CONSTANTunde_Bunde_a))
(assert
  (tla__in
    (tla__fcnapp a_CONSTANTunde_xunde_a (int2u 3)) a_CONSTANTunde_Cunde_a))
(assert (= a_CONSTANTunde_iunde_a 2))

(check-sat)
(exit)

RESULT
unsat

RESULT
unsat

RESULT
unsat

RESULT
unsat

RESULT
unsat

COMMAND-LINE ARGUMENT
file=.tlacache/tuple_as_function1_test.tlaps/tlapm_6f104b.smt; PATH='/home/ovini/Downloads/tlapm_real_altered/tlapm-main/tlapm-main/test/lib/tlaps/bin/:/home/ovini/.local/bin:/usr/local/sbin:/usr/local/bin:/usr/sbin:/usr/bin:/sbin:/bin:/usr/games:/usr/local/games:/snap/bin:/snap/bin:/home/ovini/Downloads/tlapm_real_altered/tlapm-main/tlapm-main:/home/ovini/Downloads/tlapm_real_altered/tlapm-main/lib/tlaps/bin'; z3 -smt2 -v:0 AUTO_CONFIG=false smt.MBQI=true "$file" >.tlacache/tuple_as_function1_test.tlaps/tlapm_6f104b.smt.out
CONTENT OF FILE SENT TO BACKEND
;; TLA+ Proof Manager 1.5.0
;; Proof obligation #18
;;   generated from file "./tuple_as_function1_test.tla", line 23, characters 25-26

(set-logic UFNIA)
(declare-sort u 0)
;; Standard TLA+ operators
(declare-fun int2u (Int) u)
(declare-fun u2int (u) Int)
(declare-fun tla__in (u u) Bool)
(declare-fun tla__isAFcn (u) Bool)
(declare-fun tla__DOMAIN (u) u)
(declare-fun tla__fcnapp (u u) u)

;; Terms, predicates and strings
(declare-fun a_CONSTANTunde_Aunde_a () u)
(declare-fun a_CONSTANTunde_Bunde_a () u)
(declare-fun a_CONSTANTunde_Cunde_a () u)
(declare-fun a_CONSTANTunde_iunde_a () Int)
(declare-fun a_CONSTANTunde_xunde_a () u)
(declare-fun a_aunde_unde_1a () u)

(assert
  (forall ((X_5 Int)) (! (= (u2int (int2u X_5)) X_5) :pattern ((int2u X_5)))))
(assert
  (forall ((S_8 u) (T_9 u))
  (=> (forall ((X_5 u)) (= (tla__in X_5 S_8) (tla__in X_5 T_9))) (= S_8 T_9))))
(assert
  (forall ((F_11 u) (G_12 u))
  (=>
  (and
  (tla__isAFcn F_11) (tla__isAFcn G_12)
  (forall ((X_5 u))
  (= (tla__in X_5 (tla__DOMAIN F_11)) (tla__in X_5 (tla__DOMAIN G_12)))))
  (= (tla__DOMAIN F_11) (tla__DOMAIN G_12)))))
(assert
  (forall ((F_11 u) (G_12 u))
  (=>
  (and
  (tla__isAFcn F_11) (tla__isAFcn G_12)
  (= (tla__DOMAIN F_11) (tla__DOMAIN G_12))
  (forall ((X_5 u))
  (=>
  (tla__in X_5 (tla__DOMAIN G_12))
  (= (tla__fcnapp F_11 X_5) (tla__fcnapp G_12 X_5)))))
  (= F_11 G_12))))

;; Theorem to be Proved
(assert (not
  (or
    (tla__in
      (tla__fcnapp a_CONSTANTunde_xunde_a (int2u 3)) a_CONSTANTunde_Aunde_a)
    (tla__in
      (tla__fcnapp a_CONSTANTunde_xunde_a (int2u 3)) a_CONSTANTunde_Bunde_a)
    (tla__in
      (tla__fcnapp a_CONSTANTunde_xunde_a (int2u 3)) a_CONSTANTunde_Cunde_a))))
(assert
  (forall ((a_v2a u))
    (! (=
         (tla__in a_v2a a_aunde_unde_1a)
         (or (= a_v2a (int2u 1)) (= a_v2a (int2u 2)) (= a_v2a (int2u 3)))) :pattern (
    (tla__in a_v2a a_aunde_unde_1a)))))
(assert (tla__isAFcn a_CONSTANTunde_xunde_a))
(assert (= (tla__DOMAIN a_CONSTANTunde_xunde_a) a_aunde_unde_1a))
(assert
  (tla__in
    (tla__fcnapp a_CONSTANTunde_xunde_a (int2u 1)) a_CONSTANTunde_Aunde_a))
(assert
  (tla__in
    (tla__fcnapp a_CONSTANTunde_xunde_a (int2u 2)) a_CONSTANTunde_Bunde_a))
(assert
  (tla__in
    (tla__fcnapp a_CONSTANTunde_xunde_a (int2u 3)) a_CONSTANTunde_Cunde_a))
(assert (= a_CONSTANTunde_iunde_a 3))

(check-sat)
(exit)

RESULT
unsat

RESULT
unsat

RESULT
unsat

RESULT
unsat

(* created new ".tlacache/tuple_as_function1_test.tlaps/tuple_as_function1_test.thy" *)
(* fingerprints written in ".tlacache/tuple_as_function1_test.tlaps/fingerprints" *)
