
\* TLAPM version 1.5.0
\* launched at 2023-11-27 14:29:34 with command line:
\* /home/ovini/Downloads/tlapm_real_altered/tlapm-main/tlapm-main/test/../tlapm -I /home/ovini/Downloads/tlapm_real_altered/tlapm-main/tlapm-main/test/../library --toolbox 0 0 --nofp firstorder1_test.tla --stretch 5

(* created new ".tlacache/TLAPS.tlaps/TLAPS.thy" *)
(* fingerprints written in ".tlacache/TLAPS.tlaps/fingerprints" *)
(* will not use fingerprints (because of option `--nofp`), but will now load fingerprints from the file `.tlacache/firstorder1_test.tlaps/fingerprints`, in order to overwrite with the new fingerprints, and then save the results at the end. *)
COMMAND-LINE ARGUMENT
file=.tlacache/firstorder1_test.tlaps/tlapm_7267e6.smt; PATH='/home/ovini/Downloads/tlapm_real_altered/tlapm-main/tlapm-main/test/lib/tlaps/bin/:/home/ovini/.local/bin:/usr/local/sbin:/usr/local/bin:/usr/sbin:/usr/bin:/sbin:/bin:/usr/games:/usr/local/games:/snap/bin:/snap/bin:/home/ovini/Downloads/tlapm_real_altered/tlapm-main/tlapm-main:/home/ovini/Downloads/tlapm_real_altered/tlapm-main/lib/tlaps/bin'; z3 -smt2 -v:0 AUTO_CONFIG=false smt.MBQI=true "$file" >.tlacache/firstorder1_test.tlaps/tlapm_7267e6.smt.out
CONTENT OF FILE SENT TO BACKEND
;; TLA+ Proof Manager 1.5.0
;; Proof obligation #1
;;   generated from file "./firstorder1_test.tla", line 17, characters 5-11

(set-logic UFNIA)
(declare-sort u 0)
;; Standard TLA+ operators
(declare-fun boolify (u) Bool)

;; Terms, predicates and strings
(declare-fun a_CONSTANTunde_Punde_a (u u) u)
(declare-fun a_CONSTANTunde_aunde_a () u)
(declare-fun a_CONSTANTunde_bunde_a () u)


;; Theorem to be Proved
(assert (not
  (boolify
    (a_CONSTANTunde_Punde_a a_CONSTANTunde_aunde_a a_CONSTANTunde_aunde_a))))
(assert
  (forall ((a_CONSTANTunde_xunde_a u) (a_CONSTANTunde_yunde_a u))
    (=>
      (boolify
        (a_CONSTANTunde_Punde_a
          a_CONSTANTunde_xunde_a a_CONSTANTunde_yunde_a))
      (boolify
        (a_CONSTANTunde_Punde_a
          a_CONSTANTunde_yunde_a a_CONSTANTunde_aunde_a)))))
(assert
  (boolify
    (a_CONSTANTunde_Punde_a a_CONSTANTunde_bunde_a a_CONSTANTunde_aunde_a)))

(check-sat)
(exit)

RESULT
unsat

(* created new ".tlacache/firstorder1_test.tlaps/firstorder1_test.thy" *)
(* fingerprints written in ".tlacache/firstorder1_test.tlaps/fingerprints" *)
