
\* TLAPM version 1.5.0
\* launched at 2023-11-27 14:18:38 with command line:
\* /home/ovini/Downloads/tlapm_real_altered/tlapm-main/tlapm-main/test/../tlapm -I /home/ovini/Downloads/tlapm_real_altered/tlapm-main/tlapm-main/test/../library --toolbox 0 0 --nofp set8_test.tla --stretch 5

(* created new ".tlacache/TLAPS.tlaps/TLAPS.thy" *)
(* fingerprints written in ".tlacache/TLAPS.tlaps/fingerprints" *)
(* will not use fingerprints (because of option `--nofp`), but will now load fingerprints from the file `.tlacache/set8_test.tlaps/fingerprints`, in order to overwrite with the new fingerprints, and then save the results at the end. *)
COMMAND-LINE ARGUMENT
file=.tlacache/set8_test.tlaps/tlapm_7090ac.smt; PATH='/home/ovini/Downloads/tlapm_real_altered/tlapm-main/tlapm-main/test/lib/tlaps/bin/:/home/ovini/.local/bin:/usr/local/sbin:/usr/local/bin:/usr/sbin:/usr/bin:/sbin:/bin:/usr/games:/usr/local/games:/snap/bin:/snap/bin:/home/ovini/Downloads/tlapm_real_altered/tlapm-main/tlapm-main:/home/ovini/Downloads/tlapm_real_altered/tlapm-main/lib/tlaps/bin'; z3 -smt2 -v:0 AUTO_CONFIG=false smt.MBQI=true "$file" >.tlacache/set8_test.tlaps/tlapm_7090ac.smt.out
CONTENT OF FILE SENT TO BACKEND
;; TLA+ Proof Manager 1.5.0
;; Proof obligation #1
;;   generated from file "./set8_test.tla", line 12, characters 5-11

(set-logic UFNIA)
(declare-sort u 0)
;; Standard TLA+ operators
(declare-fun tla__in (u u) Bool)

;; Terms, predicates and strings
(declare-fun a_CONSTANTunde_xunde_a () u)
(declare-fun a_CONSTANTunde_yunde_a () u)
(declare-fun a_CONSTANTunde_zunde_a () u)

(assert
  (forall ((S_9 u) (T_10 u))
  (=> (forall ((X_6 u)) (= (tla__in X_6 S_9) (tla__in X_6 T_10))) (= S_9 T_10))))

;; Theorem to be Proved
(assert (not
  (forall ((a_v3a u))
    (=>
      (tla__in a_v3a a_CONSTANTunde_zunde_a)
      (and
        (tla__in a_v3a a_CONSTANTunde_xunde_a)
        (tla__in a_v3a a_CONSTANTunde_yunde_a))))))
(assert
  (forall ((a_v1a u))
    (=>
      (tla__in a_v1a a_CONSTANTunde_zunde_a)
      (tla__in a_v1a a_CONSTANTunde_xunde_a))))
(assert
  (forall ((a_v2a u))
    (=>
      (tla__in a_v2a a_CONSTANTunde_zunde_a)
      (tla__in a_v2a a_CONSTANTunde_yunde_a))))

(check-sat)
(exit)

RESULT
unsat

(* created new ".tlacache/set8_test.tlaps/set8_test.thy" *)
(* fingerprints written in ".tlacache/set8_test.tlaps/fingerprints" *)
