
\* TLAPM version 1.5.0
\* launched at 2023-11-27 14:14:20 with command line:
\* /home/ovini/Downloads/tlapm_real_altered/tlapm-main/tlapm-main/test/../tlapm -I /home/ovini/Downloads/tlapm_real_altered/tlapm-main/tlapm-main/test/../library --toolbox 0 0 --nofp zen_false_test.tla --stretch 5

(* created new ".tlacache/TLAPS.tlaps/TLAPS.thy" *)
(* fingerprints written in ".tlacache/TLAPS.tlaps/fingerprints" *)
(* will not use fingerprints (because of option `--nofp`), but will now load fingerprints from the file `.tlacache/zen_false_test.tlaps/fingerprints`, in order to overwrite with the new fingerprints, and then save the results at the end. *)
Zenon error: exhausted search space without finding a proof
(* created new ".tlacache/zen_false_test.tlaps/zen_false_test.thy" *)
(* fingerprints written in ".tlacache/zen_false_test.tlaps/fingerprints" *)
