
\* TLAPM version 1.5.0
\* launched at 2023-11-27 14:17:13 with command line:
\* /home/ovini/Downloads/tlapm_real_altered/tlapm-main/tlapm-main/test/../tlapm -I /home/ovini/Downloads/tlapm_real_altered/tlapm-main/tlapm-main/test/../library --toolbox 0 0 --nofp choice_axiom_test.tla --stretch 5

(* created new ".tlacache/TLAPS.tlaps/TLAPS.thy" *)
(* fingerprints written in ".tlacache/TLAPS.tlaps/fingerprints" *)
(* will not use fingerprints (because of option `--nofp`), but will now load fingerprints from the file `.tlacache/choice_axiom_test.tlaps/fingerprints`, in order to overwrite with the new fingerprints, and then save the results at the end. *)
COMMAND-LINE ARGUMENT
file=.tlacache/choice_axiom_test.tlaps/tlapm_88fbbe.smt; PATH='/home/ovini/Downloads/tlapm_real_altered/tlapm-main/tlapm-main/test/lib/tlaps/bin/:/home/ovini/.local/bin:/usr/local/sbin:/usr/local/bin:/usr/sbin:/usr/bin:/sbin:/bin:/usr/games:/usr/local/games:/snap/bin:/snap/bin:/home/ovini/Downloads/tlapm_real_altered/tlapm-main/tlapm-main:/home/ovini/Downloads/tlapm_real_altered/tlapm-main/lib/tlaps/bin'; z3 -smt2 -v:0 AUTO_CONFIG=false smt.MBQI=true "$file" >.tlacache/choice_axiom_test.tlaps/tlapm_88fbbe.smt.out
CONTENT OF FILE SENT TO BACKEND
;; TLA+ Proof Manager 1.5.0
;; Proof obligation #1
;;   generated from file "./choice_axiom_test.tla", line 23, characters 5-6

(set-logic UFNIA)
(declare-sort u 0)
;; Standard TLA+ operators
(declare-fun tla__in (u u) Bool)

;; Terms, predicates and strings
(declare-fun a_CONSTANTunde_aunde_a () u)
(declare-fun a_CONSTANTunde_xunde_a () u)
(declare-fun a_aunde_unde_1a () u)

(assert
  (forall ((S_7 u) (T_8 u))
  (=> (forall ((X_4 u)) (= (tla__in X_4 S_7) (tla__in X_4 T_8))) (= S_7 T_8))))

;; Theorem to be Proved
(assert (not (tla__in a_aunde_unde_1a a_CONSTANTunde_xunde_a)))
(assert
  (=>
    (exists ((a_CONSTANTunde_yunde_a u))
      (tla__in a_CONSTANTunde_yunde_a a_CONSTANTunde_yunde_a))
    (tla__in a_aunde_unde_1a a_aunde_unde_1a)))
(assert
  (forall ((a_CONSTANTunde_xunde_unde_1a u))
    (=>
      (tla__in a_CONSTANTunde_xunde_unde_1a a_CONSTANTunde_aunde_a)
      (tla__in a_aunde_unde_1a a_CONSTANTunde_xunde_unde_1a))))
(assert (tla__in a_CONSTANTunde_xunde_a a_CONSTANTunde_aunde_a))

(check-sat)
(exit)

COMMAND-LINE ARGUMENT
file=.tlacache/choice_axiom_test.tlaps/tlapm_545b6e.smt; PATH='/home/ovini/Downloads/tlapm_real_altered/tlapm-main/tlapm-main/test/lib/tlaps/bin/:/home/ovini/.local/bin:/usr/local/sbin:/usr/local/bin:/usr/sbin:/usr/bin:/sbin:/bin:/usr/games:/usr/local/games:/snap/bin:/snap/bin:/home/ovini/Downloads/tlapm_real_altered/tlapm-main/tlapm-main:/home/ovini/Downloads/tlapm_real_altered/tlapm-main/lib/tlaps/bin'; z3 -smt2 -v:0 AUTO_CONFIG=false smt.MBQI=true "$file" >.tlacache/choice_axiom_test.tlaps/tlapm_545b6e.smt.out
CONTENT OF FILE SENT TO BACKEND
;; TLA+ Proof Manager 1.5.0
;; Proof obligation #3
;;   generated from file "./choice_axiom_test.tla", line 12, characters 1-10

(set-logic UFNIA)
(declare-sort u 0)
;; Standard TLA+ operators
(declare-fun tla__in (u u) Bool)
(declare-fun tla__emptyset () u)
(declare-fun tla__isAFcn (u) Bool)
(declare-fun tla__DOMAIN (u) u)
(declare-fun tla__fcnapp (u u) u)
(declare-fun tla__unspec (u u) u)

;; Terms, predicates and strings
(declare-fun a_CONSTANTunde_aunde_a () u)

(assert
  (forall ((S_10 u) (T_11 u))
  (=>
  (forall ((X_7 u)) (= (tla__in X_7 S_10) (tla__in X_7 T_11))) (= S_10 T_11))))
(assert
  (forall ((X_7 u))
  (! (= (tla__in X_7 tla__emptyset) false) :pattern ((tla__in X_7 tla__emptyset)))))
(assert
  (forall ((F_13 u) (G_14 u))
  (=>
  (and
  (tla__isAFcn F_13) (tla__isAFcn G_14)
  (forall ((X_7 u))
  (= (tla__in X_7 (tla__DOMAIN F_13)) (tla__in X_7 (tla__DOMAIN G_14)))))
  (= (tla__DOMAIN F_13) (tla__DOMAIN G_14)))))
(assert
  (forall ((F_13 u) (G_14 u))
  (=>
  (and
  (tla__isAFcn F_13) (tla__isAFcn G_14)
  (= (tla__DOMAIN F_13) (tla__DOMAIN G_14))
  (forall ((X_7 u))
  (=>
  (tla__in X_7 (tla__DOMAIN G_14))
  (= (tla__fcnapp F_13 X_7) (tla__fcnapp G_14 X_7)))))
  (= F_13 G_14))))

;; Theorem to be Proved
(assert (not
  (exists ((a_CONSTANTunde_funde_a u))
    (and
      (tla__isAFcn a_CONSTANTunde_funde_a)
      (= (tla__DOMAIN a_CONSTANTunde_funde_a) a_CONSTANTunde_aunde_a)
      (forall ((a_v3a u))
        (=>
          (tla__in a_v3a a_CONSTANTunde_aunde_a)
          (exists ((a_v4a u))
            (and
              (tla__in a_v4a a_CONSTANTunde_aunde_a)
              (tla__in (tla__fcnapp a_CONSTANTunde_funde_a a_v3a) a_v4a)))))
      (forall ((a_CONSTANTunde_xunde_a u))
        (=>
          (tla__in a_CONSTANTunde_xunde_a a_CONSTANTunde_aunde_a)
          (ite
            (tla__in
              a_CONSTANTunde_xunde_a (tla__DOMAIN a_CONSTANTunde_funde_a))
            (tla__in
              (tla__fcnapp a_CONSTANTunde_funde_a a_CONSTANTunde_xunde_a)
              a_CONSTANTunde_xunde_a)
            (tla__in
              (tla__unspec a_CONSTANTunde_funde_a a_CONSTANTunde_xunde_a)
              a_CONSTANTunde_xunde_a))))))))
(assert
  (forall ((a_CONSTANTunde_aunde_unde_1a u))
    (=>
      (not (tla__in tla__emptyset a_CONSTANTunde_aunde_unde_1a))
      (exists ((a_CONSTANTunde_funde_a u))
        (and
          (tla__isAFcn a_CONSTANTunde_funde_a)
          (=
            (tla__DOMAIN a_CONSTANTunde_funde_a) a_CONSTANTunde_aunde_unde_1a)
          (forall ((a_v1a u))
            (=>
              (tla__in a_v1a a_CONSTANTunde_aunde_unde_1a)
              (exists ((a_v2a u))
                (and
                  (tla__in a_v2a a_CONSTANTunde_aunde_unde_1a)
                  (tla__in (tla__fcnapp a_CONSTANTunde_funde_a a_v1a) a_v2a)))))
          (forall ((a_CONSTANTunde_xunde_a u))
            (=>
              (tla__in a_CONSTANTunde_xunde_a a_CONSTANTunde_aunde_unde_1a)
              (ite
                (tla__in
                  a_CONSTANTunde_xunde_a (tla__DOMAIN a_CONSTANTunde_funde_a))
                (tla__in
                  (tla__fcnapp a_CONSTANTunde_funde_a a_CONSTANTunde_xunde_a)
                  a_CONSTANTunde_xunde_a)
                (tla__in
                  (tla__unspec a_CONSTANTunde_funde_a a_CONSTANTunde_xunde_a)
                  a_CONSTANTunde_xunde_a)))))))))
(assert (not (tla__in tla__emptyset a_CONSTANTunde_aunde_a)))

(check-sat)
(exit)

COMMAND-LINE ARGUMENT
file=.tlacache/choice_axiom_test.tlaps/tlapm_0d3226.smt; PATH='/home/ovini/Downloads/tlapm_real_altered/tlapm-main/tlapm-main/test/lib/tlaps/bin/:/home/ovini/.local/bin:/usr/local/sbin:/usr/local/bin:/usr/sbin:/usr/bin:/sbin:/bin:/usr/games:/usr/local/games:/snap/bin:/snap/bin:/home/ovini/Downloads/tlapm_real_altered/tlapm-main/tlapm-main:/home/ovini/Downloads/tlapm_real_altered/tlapm-main/lib/tlaps/bin'; z3 -smt2 -v:0 AUTO_CONFIG=false smt.MBQI=true "$file" >.tlacache/choice_axiom_test.tlaps/tlapm_0d3226.smt.out
CONTENT OF FILE SENT TO BACKEND
;; TLA+ Proof Manager 1.5.0
;; Proof obligation #5
;;   generated from file "./choice_axiom_test.tla", line 13, characters 1-21

(set-logic UFNIA)
(declare-sort u 0)
;; Standard TLA+ operators
(declare-fun tla__in (u u) Bool)
(declare-fun tla__emptyset () u)
(declare-fun tla__isAFcn (u) Bool)
(declare-fun tla__DOMAIN (u) u)
(declare-fun tla__fcnapp (u u) u)
(declare-fun tla__unspec (u u) u)

;; Terms, predicates and strings
(declare-fun a_CONSTANTunde_aunde_a () u)

(assert
  (forall ((S_10 u) (T_11 u))
  (=>
  (forall ((X_7 u)) (= (tla__in X_7 S_10) (tla__in X_7 T_11))) (= S_10 T_11))))
(assert
  (forall ((X_7 u))
  (! (= (tla__in X_7 tla__emptyset) false) :pattern ((tla__in X_7 tla__emptyset)))))
(assert
  (forall ((F_13 u) (G_14 u))
  (=>
  (and
  (tla__isAFcn F_13) (tla__isAFcn G_14)
  (forall ((X_7 u))
  (= (tla__in X_7 (tla__DOMAIN F_13)) (tla__in X_7 (tla__DOMAIN G_14)))))
  (= (tla__DOMAIN F_13) (tla__DOMAIN G_14)))))
(assert
  (forall ((F_13 u) (G_14 u))
  (=>
  (and
  (tla__isAFcn F_13) (tla__isAFcn G_14)
  (= (tla__DOMAIN F_13) (tla__DOMAIN G_14))
  (forall ((X_7 u))
  (=>
  (tla__in X_7 (tla__DOMAIN G_14))
  (= (tla__fcnapp F_13 X_7) (tla__fcnapp G_14 X_7)))))
  (= F_13 G_14))))

;; Theorem to be Proved
(assert (not
  (exists ((a_CONSTANTunde_funde_a u))
    (and
      (tla__isAFcn a_CONSTANTunde_funde_a)
      (= (tla__DOMAIN a_CONSTANTunde_funde_a) a_CONSTANTunde_aunde_a)
      (forall ((a_v3a u))
        (=>
          (tla__in a_v3a a_CONSTANTunde_aunde_a)
          (exists ((a_v4a u))
            (and
              (tla__in a_v4a a_CONSTANTunde_aunde_a)
              (tla__in (tla__fcnapp a_CONSTANTunde_funde_a a_v3a) a_v4a)))))
      (forall ((a_CONSTANTunde_xunde_a u))
        (=>
          (tla__in a_CONSTANTunde_xunde_a a_CONSTANTunde_aunde_a)
          (ite
            (tla__in
              a_CONSTANTunde_xunde_a (tla__DOMAIN a_CONSTANTunde_funde_a))
            (tla__in
              (tla__fcnapp a_CONSTANTunde_funde_a a_CONSTANTunde_xunde_a)
              a_CONSTANTunde_xunde_a)
            (tla__in
              (tla__unspec a_CONSTANTunde_funde_a a_CONSTANTunde_xunde_a)
              a_CONSTANTunde_xunde_a))))))))
(assert
  (exists ((a_CONSTANTunde_funde_a u))
    (and
      (tla__isAFcn a_CONSTANTunde_funde_a)
      (= (tla__DOMAIN a_CONSTANTunde_funde_a) a_CONSTANTunde_aunde_a)
      (forall ((a_v1a u))
        (=>
          (tla__in a_v1a a_CONSTANTunde_aunde_a)
          (exists ((a_v2a u))
            (and
              (tla__in a_v2a a_CONSTANTunde_aunde_a)
              (tla__in (tla__fcnapp a_CONSTANTunde_funde_a a_v1a) a_v2a)))))
      (forall ((a_CONSTANTunde_xunde_a u))
        (=>
          (tla__in a_CONSTANTunde_xunde_a a_CONSTANTunde_aunde_a)
          (ite
            (tla__in
              a_CONSTANTunde_xunde_a (tla__DOMAIN a_CONSTANTunde_funde_a))
            (tla__in
              (tla__fcnapp a_CONSTANTunde_funde_a a_CONSTANTunde_xunde_a)
              a_CONSTANTunde_xunde_a)
            (tla__in
              (tla__unspec a_CONSTANTunde_funde_a a_CONSTANTunde_xunde_a)
              a_CONSTANTunde_xunde_a)))))))
(assert (not (tla__in tla__emptyset a_CONSTANTunde_aunde_a)))

(check-sat)
(exit)

COMMAND-LINE ARGUMENT
file=.tlacache/choice_axiom_test.tlaps/tlapm_3be0cd.smt; PATH='/home/ovini/Downloads/tlapm_real_altered/tlapm-main/tlapm-main/test/lib/tlaps/bin/:/home/ovini/.local/bin:/usr/local/sbin:/usr/local/bin:/usr/sbin:/usr/bin:/sbin:/bin:/usr/games:/usr/local/games:/snap/bin:/snap/bin:/home/ovini/Downloads/tlapm_real_altered/tlapm-main/tlapm-main:/home/ovini/Downloads/tlapm_real_altered/tlapm-main/lib/tlaps/bin'; z3 -smt2 -v:0 AUTO_CONFIG=false smt.MBQI=true "$file" >.tlacache/choice_axiom_test.tlaps/tlapm_3be0cd.smt.out
CONTENT OF FILE SENT TO BACKEND
;; TLA+ Proof Manager 1.5.0
;; Proof obligation #7
;;   generated from file "./choice_axiom_test.tla", line 16, characters 5-11

(set-logic UFNIA)
(declare-sort u 0)
;; Standard TLA+ operators

;; Terms, predicates and strings


;; Theorem to be Proved
(assert (not true))

(check-sat)
(exit)

COMMAND-LINE ARGUMENT
file=.tlacache/choice_axiom_test.tlaps/tlapm_131899.smt; PATH='/home/ovini/Downloads/tlapm_real_altered/tlapm-main/tlapm-main/test/lib/tlaps/bin/:/home/ovini/.local/bin:/usr/local/sbin:/usr/local/bin:/usr/sbin:/usr/bin:/sbin:/bin:/usr/games:/usr/local/games:/snap/bin:/snap/bin:/home/ovini/Downloads/tlapm_real_altered/tlapm-main/tlapm-main:/home/ovini/Downloads/tlapm_real_altered/tlapm-main/lib/tlaps/bin'; z3 -smt2 -v:0 AUTO_CONFIG=false smt.MBQI=true "$file" >.tlacache/choice_axiom_test.tlaps/tlapm_131899.smt.out
CONTENT OF FILE SENT TO BACKEND
;; TLA+ Proof Manager 1.5.0
;; Proof obligation #8
;;   generated from file "./choice_axiom_test.tla", line 18, characters 5-6

(set-logic UFNIA)
(declare-sort u 0)
;; Standard TLA+ operators
(declare-fun tla__in (u u) Bool)
(declare-fun tla__emptyset () u)

;; Terms, predicates and strings
(declare-fun a_CONSTANTunde_aunde_a () u)
(declare-fun a_CONSTANTunde_xunde_a () u)
(declare-fun a_aunde_unde_2a () u)

(assert
  (forall ((S_8 u) (T_9 u))
  (=> (forall ((X_5 u)) (= (tla__in X_5 S_8) (tla__in X_5 T_9))) (= S_8 T_9))))
(assert
  (forall ((X_5 u))
  (! (= (tla__in X_5 tla__emptyset) false) :pattern ((tla__in X_5 tla__emptyset)))))

;; Theorem to be Proved
(assert (not
  (exists ((a_v1a u))
    (forall ((a_aunde_unde_2a u))
      (=>
        (=>
          (exists ((a_CONSTANTunde_yunde_a u))
            (tla__in a_CONSTANTunde_yunde_a a_CONSTANTunde_xunde_a))
          (tla__in a_aunde_unde_2a a_CONSTANTunde_xunde_a))
        (and
          (tla__in a_v1a a_CONSTANTunde_aunde_a)
          (tla__in a_aunde_unde_2a a_v1a)))))))
(assert (not (tla__in tla__emptyset a_CONSTANTunde_aunde_a)))
(assert (tla__in a_CONSTANTunde_xunde_a a_CONSTANTunde_aunde_a))

(check-sat)
(exit)

COMMAND-LINE ARGUMENT
file=.tlacache/choice_axiom_test.tlaps/tlapm_13e1a2.smt; PATH='/home/ovini/Downloads/tlapm_real_altered/tlapm-main/tlapm-main/test/lib/tlaps/bin/:/home/ovini/.local/bin:/usr/local/sbin:/usr/local/bin:/usr/sbin:/usr/bin:/sbin:/bin:/usr/games:/usr/local/games:/snap/bin:/snap/bin:/home/ovini/Downloads/tlapm_real_altered/tlapm-main/tlapm-main:/home/ovini/Downloads/tlapm_real_altered/tlapm-main/lib/tlaps/bin'; z3 -smt2 -v:0 AUTO_CONFIG=false smt.MBQI=true "$file" >.tlacache/choice_axiom_test.tlaps/tlapm_13e1a2.smt.out
CONTENT OF FILE SENT TO BACKEND
;; TLA+ Proof Manager 1.5.0
;; Proof obligation #10
;;   generated from file "./choice_axiom_test.tla", line 19, characters 1-34

(set-logic UFNIA)
(declare-sort u 0)
;; Standard TLA+ operators
(declare-fun tla__in (u u) Bool)
(declare-fun tla__isAFcn (u) Bool)
(declare-fun tla__DOMAIN (u) u)
(declare-fun tla__fcnapp (u u) u)
(declare-fun tla__unspec (u u) u)

;; Terms, predicates and strings
(declare-fun a_CONSTANTunde_aunde_a () u)
(declare-fun a_aunde_unde_5a () u)
(declare-fun a_aunde_unde_6a () u)

(assert
  (forall ((S_12 u) (T_13 u))
  (=>
  (forall ((X_9 u)) (= (tla__in X_9 S_12) (tla__in X_9 T_13))) (= S_12 T_13))))
(assert
  (forall ((F_15 u) (G_16 u))
  (=>
  (and
  (tla__isAFcn F_15) (tla__isAFcn G_16)
  (forall ((X_9 u))
  (= (tla__in X_9 (tla__DOMAIN F_15)) (tla__in X_9 (tla__DOMAIN G_16)))))
  (= (tla__DOMAIN F_15) (tla__DOMAIN G_16)))))
(assert
  (forall ((F_15 u) (G_16 u))
  (=>
  (and
  (tla__isAFcn F_15) (tla__isAFcn G_16)
  (= (tla__DOMAIN F_15) (tla__DOMAIN G_16))
  (forall ((X_9 u))
  (=>
  (tla__in X_9 (tla__DOMAIN G_16))
  (= (tla__fcnapp F_15 X_9) (tla__fcnapp G_16 X_9)))))
  (= F_15 G_16))))

;; Theorem to be Proved
(assert (not
  (exists ((a_CONSTANTunde_funde_a u))
    (and
      (tla__isAFcn a_CONSTANTunde_funde_a)
      (= (tla__DOMAIN a_CONSTANTunde_funde_a) a_CONSTANTunde_aunde_a)
      (forall ((a_v3a u))
        (=>
          (tla__in a_v3a a_CONSTANTunde_aunde_a)
          (exists ((a_v4a u))
            (and
              (tla__in a_v4a a_CONSTANTunde_aunde_a)
              (tla__in (tla__fcnapp a_CONSTANTunde_funde_a a_v3a) a_v4a)))))
      (forall ((a_CONSTANTunde_xunde_a u))
        (=>
          (tla__in a_CONSTANTunde_xunde_a a_CONSTANTunde_aunde_a)
          (ite
            (tla__in
              a_CONSTANTunde_xunde_a (tla__DOMAIN a_CONSTANTunde_funde_a))
            (tla__in
              (tla__fcnapp a_CONSTANTunde_funde_a a_CONSTANTunde_xunde_a)
              a_CONSTANTunde_xunde_a)
            (tla__in
              (tla__unspec a_CONSTANTunde_funde_a a_CONSTANTunde_xunde_a)
              a_CONSTANTunde_xunde_a))))))))
(assert
  (forall ((a_CONSTANTunde_xunde_a u) (a_aunde_unde_5a u))
    (=>
      (and
        (=>
          (exists ((a_CONSTANTunde_yunde_a u))
            (tla__in a_CONSTANTunde_yunde_a a_CONSTANTunde_xunde_a))
          (tla__in a_aunde_unde_5a a_CONSTANTunde_xunde_a))
        (tla__in a_CONSTANTunde_xunde_a a_CONSTANTunde_aunde_a))
      (tla__in a_aunde_unde_5a a_CONSTANTunde_xunde_a))))
(assert
  (forall ((a_v1a u))
    (=>
      (tla__in a_v1a a_CONSTANTunde_aunde_a)
      (exists ((a_v2a u))
        (forall ((a_aunde_unde_6a u))
          (=>
            (=>
              (exists ((a_CONSTANTunde_yunde_a u))
                (tla__in a_CONSTANTunde_yunde_a a_v1a))
              (tla__in a_aunde_unde_6a a_v1a))
            (and
              (tla__in a_v2a a_CONSTANTunde_aunde_a)
              (tla__in a_aunde_unde_6a a_v2a))))))))

(check-sat)
(exit)

COMMAND-LINE ARGUMENT
file=.tlacache/choice_axiom_test.tlaps/tlapm_41c895.smt; PATH='/home/ovini/Downloads/tlapm_real_altered/tlapm-main/tlapm-main/test/lib/tlaps/bin/:/home/ovini/.local/bin:/usr/local/sbin:/usr/local/bin:/usr/sbin:/usr/bin:/sbin:/bin:/usr/games:/usr/local/games:/snap/bin:/snap/bin:/home/ovini/Downloads/tlapm_real_altered/tlapm-main/tlapm-main:/home/ovini/Downloads/tlapm_real_altered/tlapm-main/lib/tlaps/bin'; z3 -smt2 -v:0 AUTO_CONFIG=false smt.MBQI=true "$file" >.tlacache/choice_axiom_test.tlaps/tlapm_41c895.smt.out
CONTENT OF FILE SENT TO BACKEND
;; TLA+ Proof Manager 1.5.0
;; Proof obligation #13
;;   generated from file "./choice_axiom_test.tla", line 19, characters 13-34

(set-logic UFNIA)
(declare-sort u 0)
;; Standard TLA+ operators
(declare-fun tla__in (u u) Bool)

;; Terms, predicates and strings
(declare-fun a_CONSTANTunde_aunde_a () u)
(declare-fun a_aunde_unde_5a () u)
(declare-fun a_aunde_unde_6a () u)
(declare-fun a_aunde_unde_7a () u)

(assert
  (forall ((S_13 u) (T_14 u))
  (=>
  (forall ((X_10 u)) (= (tla__in X_10 S_13) (tla__in X_10 T_14)))
  (= S_13 T_14))))

;; Theorem to be Proved
(assert (not
  (forall ((a_v3a u))
    (=>
      (tla__in a_v3a a_CONSTANTunde_aunde_a)
      (exists ((a_v4a u))
        (forall ((a_aunde_unde_5a u))
          (=>
            (=>
              (exists ((a_CONSTANTunde_yunde_a u))
                (tla__in a_CONSTANTunde_yunde_a a_v3a))
              (tla__in a_aunde_unde_5a a_v3a))
            (and
              (tla__in a_v4a a_CONSTANTunde_aunde_a)
              (tla__in a_aunde_unde_5a a_v4a)))))))))
(assert
  (forall ((a_CONSTANTunde_xunde_a u) (a_aunde_unde_6a u))
    (=>
      (and
        (=>
          (exists ((a_CONSTANTunde_yunde_a u))
            (tla__in a_CONSTANTunde_yunde_a a_CONSTANTunde_xunde_a))
          (tla__in a_aunde_unde_6a a_CONSTANTunde_xunde_a))
        (tla__in a_CONSTANTunde_xunde_a a_CONSTANTunde_aunde_a))
      (tla__in a_aunde_unde_6a a_CONSTANTunde_xunde_a))))
(assert
  (forall ((a_v1a u))
    (=>
      (tla__in a_v1a a_CONSTANTunde_aunde_a)
      (exists ((a_v2a u))
        (forall ((a_aunde_unde_7a u))
          (=>
            (=>
              (exists ((a_CONSTANTunde_yunde_a u))
                (tla__in a_CONSTANTunde_yunde_a a_v1a))
              (tla__in a_aunde_unde_7a a_v1a))
            (and
              (tla__in a_v2a a_CONSTANTunde_aunde_a)
              (tla__in a_aunde_unde_7a a_v2a))))))))

(check-sat)
(exit)

COMMAND-LINE ARGUMENT
file=.tlacache/choice_axiom_test.tlaps/tlapm_bcf286.smt; PATH='/home/ovini/Downloads/tlapm_real_altered/tlapm-main/tlapm-main/test/lib/tlaps/bin/:/home/ovini/.local/bin:/usr/local/sbin:/usr/local/bin:/usr/sbin:/usr/bin:/sbin:/bin:/usr/games:/usr/local/games:/snap/bin:/snap/bin:/home/ovini/Downloads/tlapm_real_altered/tlapm-main/tlapm-main:/home/ovini/Downloads/tlapm_real_altered/tlapm-main/lib/tlaps/bin'; z3 -smt2 -v:0 AUTO_CONFIG=false smt.MBQI=true "$file" >.tlacache/choice_axiom_test.tlaps/tlapm_bcf286.smt.out
CONTENT OF FILE SENT TO BACKEND
;; TLA+ Proof Manager 1.5.0
;; Proof obligation #14
;;   generated from file "./choice_axiom_test.tla", line 19, characters 13-34

(set-logic UFNIA)
(declare-sort u 0)
;; Standard TLA+ operators
(declare-fun tla__in (u u) Bool)

;; Terms, predicates and strings
(declare-fun a_CONSTANTunde_aunde_a () u)
(declare-fun a_aunde_unde_3a () u)
(declare-fun a_aunde_unde_4a () u)

(assert
  (forall ((S_10 u) (T_11 u))
  (=>
  (forall ((X_7 u)) (= (tla__in X_7 S_10) (tla__in X_7 T_11))) (= S_10 T_11))))

;; Theorem to be Proved
(assert (not
  (forall ((a_v1a u))
    (=>
      (tla__in a_v1a a_CONSTANTunde_aunde_a)
      (exists ((a_v2a u))
        (forall ((a_aunde_unde_3a u))
          (=>
            (=>
              (exists ((a_CONSTANTunde_yunde_a u))
                (tla__in a_CONSTANTunde_yunde_a a_v1a))
              (tla__in a_aunde_unde_3a a_v1a))
            (and
              (tla__in a_v2a a_CONSTANTunde_aunde_a)
              (tla__in a_aunde_unde_3a a_v2a)))))))))
(assert
  (forall ((a_CONSTANTunde_xunde_a u) (a_aunde_unde_4a u))
    (=>
      (and
        (=>
          (exists ((a_CONSTANTunde_yunde_a u))
            (tla__in a_CONSTANTunde_yunde_a a_CONSTANTunde_xunde_a))
          (tla__in a_aunde_unde_4a a_CONSTANTunde_xunde_a))
        (tla__in a_CONSTANTunde_xunde_a a_CONSTANTunde_aunde_a))
      (tla__in a_aunde_unde_4a a_CONSTANTunde_xunde_a))))

(check-sat)
(exit)

RESULT
unsat

RESULT
unsat

RESULT
unsat

RESULT
unsat

COMMAND-LINE ARGUMENT
file=.tlacache/choice_axiom_test.tlaps/tlapm_a6856c.smt; PATH='/home/ovini/Downloads/tlapm_real_altered/tlapm-main/tlapm-main/test/lib/tlaps/bin/:/home/ovini/.local/bin:/usr/local/sbin:/usr/local/bin:/usr/sbin:/usr/bin:/sbin:/bin:/usr/games:/usr/local/games:/snap/bin:/snap/bin:/home/ovini/Downloads/tlapm_real_altered/tlapm-main/tlapm-main:/home/ovini/Downloads/tlapm_real_altered/tlapm-main/lib/tlaps/bin'; z3 -smt2 -v:0 AUTO_CONFIG=false smt.MBQI=true "$file" >.tlacache/choice_axiom_test.tlaps/tlapm_a6856c.smt.out
CONTENT OF FILE SENT TO BACKEND
;; TLA+ Proof Manager 1.5.0
;; Proof obligation #15
;;   generated from file "./choice_axiom_test.tla", line 21, characters 5-6

(set-logic UFNIA)
(declare-sort u 0)
;; Standard TLA+ operators
(declare-fun tla__in (u u) Bool)
(declare-fun tla__emptyset () u)

;; Terms, predicates and strings
(declare-fun a_CONSTANTunde_aunde_a () u)
(declare-fun a_CONSTANTunde_xunde_a () u)
(declare-fun a_aunde_unde_1a () u)

(assert
  (forall ((S_7 u) (T_8 u))
  (=> (forall ((X_4 u)) (= (tla__in X_4 S_7) (tla__in X_4 T_8))) (= S_7 T_8))))
(assert
  (forall ((X_4 u))
  (! (= (tla__in X_4 tla__emptyset) false) :pattern ((tla__in X_4 tla__emptyset)))))

;; Theorem to be Proved
(assert (not (tla__in a_aunde_unde_1a a_CONSTANTunde_xunde_a)))
(assert
  (=>
    (exists ((a_CONSTANTunde_yunde_a u))
      (tla__in a_CONSTANTunde_yunde_a a_CONSTANTunde_xunde_a))
    (tla__in a_aunde_unde_1a a_CONSTANTunde_xunde_a)))
(assert (not (tla__in tla__emptyset a_CONSTANTunde_aunde_a)))
(assert (tla__in a_CONSTANTunde_xunde_a a_CONSTANTunde_aunde_a))

(check-sat)
(exit)

RESULT
sat

RESULT
unsat

RESULT
unsat

RESULT
unsat

RESULT
unsat

(* created new ".tlacache/choice_axiom_test.tlaps/choice_axiom_test.thy" *)
(* fingerprints written in ".tlacache/choice_axiom_test.tlaps/fingerprints" *)
