
\* TLAPM version 1.5.0
\* launched at 2023-11-27 14:26:00 with command line:
\* /home/ovini/Downloads/tlapm_real_altered/tlapm-main/tlapm-main/test/../tlapm -I /home/ovini/Downloads/tlapm_real_altered/tlapm-main/tlapm-main/test/../library --toolbox 0 0 --nofp EXTENDS_in_submodule_test.tla --stretch 5

(* created new ".tlacache/TLAPS.tlaps/TLAPS.thy" *)
(* fingerprints written in ".tlacache/TLAPS.tlaps/fingerprints" *)
(* created new ".tlacache/EXTENDS_in_submodule_test.tlaps/EXTENDS_in_submodule_test.thy" *)
(* fingerprints written in ".tlacache/EXTENDS_in_submodule_test.tlaps/fingerprints" *)
(* created new ".tlacache/Inner.tlaps/Inner.thy" *)
(* fingerprints written in ".tlacache/Inner.tlaps/fingerprints" *)
