
\* TLAPM version 1.5.0
\* launched at 2023-11-27 14:18:50 with command line:
\* /home/ovini/Downloads/tlapm_real_altered/tlapm-main/tlapm-main/test/../tlapm -I /home/ovini/Downloads/tlapm_real_altered/tlapm-main/tlapm-main/test/../library --toolbox 0 0 --nofp app_ambiguity_test.tla --stretch 5

(* created new ".tlacache/TLAPS.tlaps/TLAPS.thy" *)
(* fingerprints written in ".tlacache/TLAPS.tlaps/fingerprints" *)
(* will not use fingerprints (because of option `--nofp`), but will now load fingerprints from the file `.tlacache/app_ambiguity_test.tlaps/fingerprints`, in order to overwrite with the new fingerprints, and then save the results at the end. *)
COMMAND-LINE ARGUMENT
file=.tlacache/app_ambiguity_test.tlaps/tlapm_12d579.smt; PATH='/home/ovini/Downloads/tlapm_real_altered/tlapm-main/tlapm-main/test/lib/tlaps/bin/:/home/ovini/.local/bin:/usr/local/sbin:/usr/local/bin:/usr/sbin:/usr/bin:/sbin:/bin:/usr/games:/usr/local/games:/snap/bin:/snap/bin:/home/ovini/Downloads/tlapm_real_altered/tlapm-main/tlapm-main:/home/ovini/Downloads/tlapm_real_altered/tlapm-main/lib/tlaps/bin'; z3 -smt2 -v:0 AUTO_CONFIG=false smt.MBQI=true "$file" >.tlacache/app_ambiguity_test.tlaps/tlapm_12d579.smt.out
CONTENT OF FILE SENT TO BACKEND
;; TLA+ Proof Manager 1.5.0
;; Proof obligation #1
;;   generated from file "./app_ambiguity_test.tla", line 13, characters 5-11

(set-logic UFNIA)
(declare-sort u 0)
;; Standard TLA+ operators
(declare-fun int2u (Int) u)
(declare-fun u2int (u) Int)
(declare-fun tla__in (u u) Bool)
(declare-fun tla__isAFcn (u) Bool)
(declare-fun tla__DOMAIN (u) u)
(declare-fun tla__fcnapp (u u) u)
(declare-fun tla__unspec (u u) u)

;; Terms, predicates and strings
(declare-fun a_CONSTANTunde_Aunde_a () u)
(declare-fun a_CONSTANTunde_Bunde_a () u)
(declare-fun a_CONSTANTunde_hunde_a () u)
(declare-fun a_aunde_unde_2a () u)

(assert
  (forall ((X_6 Int)) (! (= (u2int (int2u X_6)) X_6) :pattern ((int2u X_6)))))
(assert
  (forall ((S_9 u) (T_10 u))
  (=> (forall ((X_6 u)) (= (tla__in X_6 S_9) (tla__in X_6 T_10))) (= S_9 T_10))))
(assert
  (forall ((F_12 u) (G_13 u))
  (=>
  (and
  (tla__isAFcn F_12) (tla__isAFcn G_13)
  (forall ((X_6 u))
  (= (tla__in X_6 (tla__DOMAIN F_12)) (tla__in X_6 (tla__DOMAIN G_13)))))
  (= (tla__DOMAIN F_12) (tla__DOMAIN G_13)))))
(assert
  (forall ((F_12 u) (G_13 u))
  (=>
  (and
  (tla__isAFcn F_12) (tla__isAFcn G_13)
  (= (tla__DOMAIN F_12) (tla__DOMAIN G_13))
  (forall ((X_6 u))
  (=>
  (tla__in X_6 (tla__DOMAIN G_13))
  (= (tla__fcnapp F_12 X_6) (tla__fcnapp G_13 X_6)))))
  (= F_12 G_13))))

;; Theorem to be Proved
(assert (not
  (ite
    (tla__in (int2u 1) (tla__DOMAIN a_CONSTANTunde_hunde_a))
    (tla__in
      (tla__fcnapp a_CONSTANTunde_hunde_a (int2u 1)) a_CONSTANTunde_Aunde_a)
    (tla__in
      (tla__unspec a_CONSTANTunde_hunde_a (int2u 1)) a_CONSTANTunde_Aunde_a))))
(assert
  (forall ((a_v3a u))
    (! (=
         (tla__in a_v3a a_aunde_unde_2a)
         (or (= a_v3a (int2u 1)) (= a_v3a (int2u 2)))) :pattern ((tla__in
                                                                   a_v3a
                                                                   a_aunde_unde_2a)))))
(assert
  (or
    (and
      (tla__isAFcn a_CONSTANTunde_hunde_a)
      (= (tla__DOMAIN a_CONSTANTunde_hunde_a) a_aunde_unde_2a)
      (tla__in
        (tla__fcnapp a_CONSTANTunde_hunde_a (int2u 1)) a_CONSTANTunde_Aunde_a)
      (tla__in
        (tla__fcnapp a_CONSTANTunde_hunde_a (int2u 2)) a_CONSTANTunde_Bunde_a))
    (and
      (tla__isAFcn a_CONSTANTunde_hunde_a)
      (= (tla__DOMAIN a_CONSTANTunde_hunde_a) a_aunde_unde_2a)
      (tla__in
        (tla__fcnapp a_CONSTANTunde_hunde_a (int2u 1)) a_CONSTANTunde_Aunde_a)
      (tla__in
        (tla__fcnapp a_CONSTANTunde_hunde_a (int2u 2)) a_CONSTANTunde_Aunde_a))))

(check-sat)
(exit)

RESULT
unsat

(* created new ".tlacache/app_ambiguity_test.tlaps/app_ambiguity_test.thy" *)
(* fingerprints written in ".tlacache/app_ambiguity_test.tlaps/fingerprints" *)
