
\* TLAPM version 1.5.0
\* launched at 2023-11-27 14:30:43 with command line:
\* /home/ovini/Downloads/tlapm_real_altered/tlapm-main/tlapm-main/test/../tlapm -I /home/ovini/Downloads/tlapm_real_altered/tlapm-main/tlapm-main/test/../library --toolbox 0 0 --nofp record_as_function_test.tla --stretch 5

(* created new ".tlacache/TLAPS.tlaps/TLAPS.thy" *)
(* fingerprints written in ".tlacache/TLAPS.tlaps/fingerprints" *)
(* will not use fingerprints (because of option `--nofp`), but will now load fingerprints from the file `.tlacache/record_as_function_test.tlaps/fingerprints`, in order to overwrite with the new fingerprints, and then save the results at the end. *)
COMMAND-LINE ARGUMENT
file=.tlacache/record_as_function_test.tlaps/tlapm_add94c.smt; PATH='/home/ovini/Downloads/tlapm_real_altered/tlapm-main/tlapm-main/test/lib/tlaps/bin/:/home/ovini/.local/bin:/usr/local/sbin:/usr/local/bin:/usr/sbin:/usr/bin:/sbin:/bin:/usr/games:/usr/local/games:/snap/bin:/snap/bin:/home/ovini/Downloads/tlapm_real_altered/tlapm-main/tlapm-main:/home/ovini/Downloads/tlapm_real_altered/tlapm-main/lib/tlaps/bin'; z3 -smt2 -v:0 AUTO_CONFIG=false smt.MBQI=true "$file" >.tlacache/record_as_function_test.tlaps/tlapm_add94c.smt.out
CONTENT OF FILE SENT TO BACKEND
;; TLA+ Proof Manager 1.5.0
;; Proof obligation #1
;;   generated from file "./record_as_function_test.tla", line 16, characters 5-6

(set-logic UFNIA)
(declare-sort u 0)
(declare-sort str 0)
;; Standard TLA+ operators
(declare-fun int2u (Int) u)
(declare-fun u2int (u) Int)
(declare-fun str2u (str) u)
(declare-fun u2str (u) str)
(declare-fun tla__Int () u)
(declare-fun tla__in (u u) Bool)
(declare-fun tla__isAFcn (u) Bool)
(declare-fun tla__DOMAIN (u) u)
(declare-fun tla__fcnapp (u u) u)
(declare-fun tla__unspec (u u) u)

;; Terms, predicates and strings
(declare-fun a_CONSTANTunde_runde_a () u)
(declare-fun a_CONSTANTunde_sunde_a () str)
(declare-fun a_aunde_unde_1a () u)
(declare-fun string__bar () str)
(declare-fun string__foo () str)

(assert
  (forall ((X_5 Int)) (! (= (u2int (int2u X_5)) X_5) :pattern ((int2u X_5)))))
(assert
  (forall ((X_5 str)) (! (= (u2str (str2u X_5)) X_5) :pattern ((str2u X_5)))))
(assert
  (forall ((X_5 u))
  (! (= (tla__in X_5 tla__Int) (exists ((N_4 Int)) (= X_5 (int2u N_4)))) :pattern ((tla__in X_5 tla__Int)))))
(assert
  (forall ((S_8 u) (T_9 u))
  (=> (forall ((X_5 u)) (= (tla__in X_5 S_8) (tla__in X_5 T_9))) (= S_8 T_9))))
(assert
  (forall ((F_11 u) (G_12 u))
  (=>
  (and
  (tla__isAFcn F_11) (tla__isAFcn G_12)
  (forall ((X_5 u))
  (= (tla__in X_5 (tla__DOMAIN F_11)) (tla__in X_5 (tla__DOMAIN G_12)))))
  (= (tla__DOMAIN F_11) (tla__DOMAIN G_12)))))
(assert
  (forall ((F_11 u) (G_12 u))
  (=>
  (and
  (tla__isAFcn F_11) (tla__isAFcn G_12)
  (= (tla__DOMAIN F_11) (tla__DOMAIN G_12))
  (forall ((X_5 u))
  (=>
  (tla__in X_5 (tla__DOMAIN G_12))
  (= (tla__fcnapp F_11 X_5) (tla__fcnapp G_12 X_5)))))
  (= F_11 G_12))))
(assert (distinct string__bar string__foo))


;; Theorem to be Proved
(assert (not
  (ite
    (or
      (= a_CONSTANTunde_sunde_a string__bar)
      (= a_CONSTANTunde_sunde_a string__foo))
    (tla__in
      (tla__fcnapp a_CONSTANTunde_runde_a (str2u a_CONSTANTunde_sunde_a))
      tla__Int)
    (tla__in
      (tla__unspec a_CONSTANTunde_runde_a (str2u a_CONSTANTunde_sunde_a))
      tla__Int))))
(assert
  (forall ((a_v2a u))
    (! (=
         (tla__in a_v2a a_aunde_unde_1a)
         (or (= a_v2a (str2u string__bar)) (= a_v2a (str2u string__foo)))) :pattern (
    (tla__in a_v2a a_aunde_unde_1a)))))
(assert (tla__isAFcn a_CONSTANTunde_runde_a))
(assert (= (tla__DOMAIN a_CONSTANTunde_runde_a) a_aunde_unde_1a))
(assert
  (tla__in (tla__fcnapp a_CONSTANTunde_runde_a (str2u string__foo)) tla__Int))
(assert
  (tla__in (tla__fcnapp a_CONSTANTunde_runde_a (str2u string__bar)) tla__Int))
(assert
  (or
    (= a_CONSTANTunde_sunde_a string__bar)
    (= a_CONSTANTunde_sunde_a string__foo)))

(check-sat)
(exit)

RESULT
unsat

(* created new ".tlacache/record_as_function_test.tlaps/record_as_function_test.thy" *)
(* fingerprints written in ".tlacache/record_as_function_test.tlaps/fingerprints" *)
