
\* TLAPM version 1.5.0
\* launched at 2023-11-27 14:28:40 with command line:
\* /home/ovini/Downloads/tlapm_real_altered/tlapm-main/tlapm-main/test/../tlapm -I /home/ovini/Downloads/tlapm_real_altered/tlapm-main/tlapm-main/test/../library --toolbox 0 0 --nofp choice_axiom2_test.tla --stretch 5

(* created new ".tlacache/TLAPS.tlaps/TLAPS.thy" *)
(* fingerprints written in ".tlacache/TLAPS.tlaps/fingerprints" *)
(* will not use fingerprints (because of option `--nofp`), but will now load fingerprints from the file `.tlacache/choice_axiom2_test.tlaps/fingerprints`, in order to overwrite with the new fingerprints, and then save the results at the end. *)
COMMAND-LINE ARGUMENT
file=.tlacache/choice_axiom2_test.tlaps/tlapm_e85143.smt; PATH='/home/ovini/Downloads/tlapm_real_altered/tlapm-main/tlapm-main/test/lib/tlaps/bin/:/home/ovini/.local/bin:/usr/local/sbin:/usr/local/bin:/usr/sbin:/usr/bin:/sbin:/bin:/usr/games:/usr/local/games:/snap/bin:/snap/bin:/home/ovini/Downloads/tlapm_real_altered/tlapm-main/tlapm-main:/home/ovini/Downloads/tlapm_real_altered/tlapm-main/lib/tlaps/bin'; z3 -smt2 -v:0 AUTO_CONFIG=false smt.MBQI=true "$file" >.tlacache/choice_axiom2_test.tlaps/tlapm_e85143.smt.out
CONTENT OF FILE SENT TO BACKEND
;; TLA+ Proof Manager 1.5.0
;; Proof obligation #1
;;   generated from file "./choice_axiom2_test.tla", line 25, characters 5-11

(set-logic UFNIA)
(declare-sort u 0)
;; Standard TLA+ operators
(declare-fun tla__in (u u) Bool)
(declare-fun tla__isAFcn (u) Bool)
(declare-fun tla__DOMAIN (u) u)
(declare-fun tla__fcnapp (u u) u)

;; Terms, predicates and strings
(declare-fun a_CONSTANTunde_Iunde_a () u)
(declare-fun a_CONSTANTunde_Xunde_a () u)
(declare-fun a_CONSTANTunde_aunde_a () u)
(declare-fun a_CONSTANTunde_iunde_a () u)
(declare-fun a_aunde_unde_3a () u)
(declare-fun a_aunde_unde_4a () u)

(assert
  (forall ((S_10 u) (T_11 u))
  (=>
  (forall ((X_7 u)) (= (tla__in X_7 S_10) (tla__in X_7 T_11))) (= S_10 T_11))))
(assert
  (forall ((F_13 u) (G_14 u))
  (=>
  (and
  (tla__isAFcn F_13) (tla__isAFcn G_14)
  (forall ((X_7 u))
  (= (tla__in X_7 (tla__DOMAIN F_13)) (tla__in X_7 (tla__DOMAIN G_14)))))
  (= (tla__DOMAIN F_13) (tla__DOMAIN G_14)))))
(assert
  (forall ((F_13 u) (G_14 u))
  (=>
  (and
  (tla__isAFcn F_13) (tla__isAFcn G_14)
  (= (tla__DOMAIN F_13) (tla__DOMAIN G_14))
  (forall ((X_7 u))
  (=>
  (tla__in X_7 (tla__DOMAIN G_14))
  (= (tla__fcnapp F_13 X_7) (tla__fcnapp G_14 X_7)))))
  (= F_13 G_14))))

;; Theorem to be Proved
(assert (not
  (tla__in
    a_aunde_unde_3a
    (tla__fcnapp a_CONSTANTunde_aunde_a a_CONSTANTunde_iunde_a))))
(assert
  (=>
    (exists ((a_CONSTANTunde_xunde_a u))
      (tla__in
        a_CONSTANTunde_xunde_a
        (tla__fcnapp a_CONSTANTunde_aunde_a a_CONSTANTunde_iunde_a)))
    (tla__in
      a_aunde_unde_3a
      (tla__fcnapp a_CONSTANTunde_aunde_a a_CONSTANTunde_iunde_a))))
(assert (tla__isAFcn a_CONSTANTunde_aunde_a))
(assert (= (tla__DOMAIN a_CONSTANTunde_aunde_a) a_CONSTANTunde_Iunde_a))
(assert
  (forall ((a_v1a u))
    (=>
      (tla__in a_v1a a_CONSTANTunde_Iunde_a)
      (tla__in
        (tla__fcnapp a_CONSTANTunde_aunde_a a_v1a) a_CONSTANTunde_Xunde_a))))
(assert
  (forall ((a_CONSTANTunde_iunde_unde_1a u))
    (=>
      (tla__in a_CONSTANTunde_iunde_unde_1a a_CONSTANTunde_Iunde_a)
      (exists ((a_v2a u))
        (tla__in
          a_v2a
          (tla__fcnapp a_CONSTANTunde_aunde_a a_CONSTANTunde_iunde_unde_1a))))))
(assert
  (forall ((a_CONSTANTunde_iunde_unde_1a u) (a_aunde_unde_4a u))
    (=>
      (and
        (=>
          (exists ((a_CONSTANTunde_xunde_a u))
            (tla__in
              a_CONSTANTunde_xunde_a
              (tla__fcnapp
                a_CONSTANTunde_aunde_a a_CONSTANTunde_iunde_unde_1a)))
          (tla__in
            a_aunde_unde_4a
            (tla__fcnapp a_CONSTANTunde_aunde_a a_CONSTANTunde_iunde_unde_1a)))
        (tla__in a_CONSTANTunde_iunde_unde_1a a_CONSTANTunde_Iunde_a))
      (tla__in
        a_aunde_unde_4a
        (tla__fcnapp a_CONSTANTunde_aunde_a a_CONSTANTunde_iunde_unde_1a)))))
(assert (tla__in a_CONSTANTunde_iunde_a a_CONSTANTunde_Iunde_a))

(check-sat)
(exit)

COMMAND-LINE ARGUMENT
file=.tlacache/choice_axiom2_test.tlaps/tlapm_9050c3.smt; PATH='/home/ovini/Downloads/tlapm_real_altered/tlapm-main/tlapm-main/test/lib/tlaps/bin/:/home/ovini/.local/bin:/usr/local/sbin:/usr/local/bin:/usr/sbin:/usr/bin:/sbin:/bin:/usr/games:/usr/local/games:/snap/bin:/snap/bin:/home/ovini/Downloads/tlapm_real_altered/tlapm-main/tlapm-main:/home/ovini/Downloads/tlapm_real_altered/tlapm-main/lib/tlaps/bin'; z3 -smt2 -v:0 AUTO_CONFIG=false smt.MBQI=true "$file" >.tlacache/choice_axiom2_test.tlaps/tlapm_9050c3.smt.out
CONTENT OF FILE SENT TO BACKEND
;; TLA+ Proof Manager 1.5.0
;; Proof obligation #2
;;   generated from file "./choice_axiom2_test.tla", line 19, characters 5-11

(set-logic UFNIA)
(declare-sort u 0)
;; Standard TLA+ operators
(declare-fun tla__in (u u) Bool)
(declare-fun tla__isAFcn (u) Bool)
(declare-fun tla__DOMAIN (u) u)
(declare-fun tla__fcnapp (u u) u)
(declare-fun tla__unspec (u u) u)

;; Terms, predicates and strings
(declare-fun a_CONSTANTunde_Iunde_a () u)
(declare-fun a_CONSTANTunde_Xunde_a () u)
(declare-fun a_CONSTANTunde_aunde_a () u)
(declare-fun a_CONSTANTunde_funde_a () u)

(assert
  (forall ((S_13 u) (T_14 u))
  (=>
  (forall ((X_10 u)) (= (tla__in X_10 S_13) (tla__in X_10 T_14)))
  (= S_13 T_14))))
(assert
  (forall ((F_16 u) (G_17 u))
  (=>
  (and
  (tla__isAFcn F_16) (tla__isAFcn G_17)
  (forall ((X_10 u))
  (= (tla__in X_10 (tla__DOMAIN F_16)) (tla__in X_10 (tla__DOMAIN G_17)))))
  (= (tla__DOMAIN F_16) (tla__DOMAIN G_17)))))
(assert
  (forall ((F_16 u) (G_17 u))
  (=>
  (and
  (tla__isAFcn F_16) (tla__isAFcn G_17)
  (= (tla__DOMAIN F_16) (tla__DOMAIN G_17))
  (forall ((X_10 u))
  (=>
  (tla__in X_10 (tla__DOMAIN G_17))
  (= (tla__fcnapp F_16 X_10) (tla__fcnapp G_17 X_10)))))
  (= F_16 G_17))))

;; Theorem to be Proved
(assert (not false))
(assert (tla__isAFcn a_CONSTANTunde_aunde_a))
(assert (= (tla__DOMAIN a_CONSTANTunde_aunde_a) a_CONSTANTunde_Iunde_a))
(assert
  (forall ((a_v2a u))
    (=>
      (tla__in a_v2a a_CONSTANTunde_Iunde_a)
      (tla__in
        (tla__fcnapp a_CONSTANTunde_aunde_a a_v2a) a_CONSTANTunde_Xunde_a))))
(assert
  (forall ((a_CONSTANTunde_iunde_a u))
    (=>
      (tla__in a_CONSTANTunde_iunde_a a_CONSTANTunde_Iunde_a)
      (exists ((a_v3a u))
        (tla__in
          a_v3a (tla__fcnapp a_CONSTANTunde_aunde_a a_CONSTANTunde_iunde_a))))))
(assert (tla__isAFcn a_CONSTANTunde_funde_a))
(assert (= (tla__DOMAIN a_CONSTANTunde_funde_a) a_CONSTANTunde_Iunde_a))
(assert
  (forall ((a_v4a u))
    (=>
      (tla__in a_v4a a_CONSTANTunde_Iunde_a)
      (exists ((a_v5a u))
        (and
          (tla__in a_v5a a_CONSTANTunde_Iunde_a)
          (ite
            (tla__in a_v5a a_CONSTANTunde_Iunde_a)
            (tla__in
              (tla__fcnapp a_CONSTANTunde_funde_a a_v4a)
              (tla__fcnapp a_CONSTANTunde_aunde_a a_v5a))
            (tla__in
              (tla__fcnapp a_CONSTANTunde_funde_a a_v4a)
              (tla__unspec a_CONSTANTunde_aunde_a a_v5a))))))))
(assert
  (forall ((a_CONSTANTunde_iunde_a u))
    (=>
      (tla__in a_CONSTANTunde_iunde_a a_CONSTANTunde_Iunde_a)
      (tla__in
        (tla__fcnapp a_CONSTANTunde_funde_a a_CONSTANTunde_iunde_a)
        (tla__fcnapp a_CONSTANTunde_aunde_a a_CONSTANTunde_iunde_a)))))
(assert
  (forall ((a_y1a u))
    (not
      (and
        (tla__isAFcn a_y1a) (= (tla__DOMAIN a_y1a) a_CONSTANTunde_Iunde_a)
        (forall ((a_v6a u))
          (=>
            (tla__in a_v6a a_CONSTANTunde_Iunde_a)
            (exists ((a_v7a u))
              (and
                (tla__in a_v7a a_CONSTANTunde_Iunde_a)
                (ite
                  (tla__in a_v7a a_CONSTANTunde_Iunde_a)
                  (tla__in
                    (tla__fcnapp a_y1a a_v6a)
                    (tla__fcnapp a_CONSTANTunde_aunde_a a_v7a))
                  (tla__in
                    (tla__fcnapp a_y1a a_v6a)
                    (tla__unspec a_CONSTANTunde_aunde_a a_v7a)))))))
        (forall ((a_CONSTANTunde_iunde_a u))
          (=>
            (tla__in a_CONSTANTunde_iunde_a a_CONSTANTunde_Iunde_a)
            (ite
              (tla__in a_CONSTANTunde_iunde_a (tla__DOMAIN a_y1a))
              (tla__in
                (tla__fcnapp a_y1a a_CONSTANTunde_iunde_a)
                (tla__fcnapp a_CONSTANTunde_aunde_a a_CONSTANTunde_iunde_a))
              (tla__in
                (tla__unspec a_y1a a_CONSTANTunde_iunde_a)
                (tla__fcnapp a_CONSTANTunde_aunde_a a_CONSTANTunde_iunde_a)))))))))

(check-sat)
(exit)

COMMAND-LINE ARGUMENT
file=.tlacache/choice_axiom2_test.tlaps/tlapm_c1995e.smt; PATH='/home/ovini/Downloads/tlapm_real_altered/tlapm-main/tlapm-main/test/lib/tlaps/bin/:/home/ovini/.local/bin:/usr/local/sbin:/usr/local/bin:/usr/sbin:/usr/bin:/sbin:/bin:/usr/games:/usr/local/games:/snap/bin:/snap/bin:/home/ovini/Downloads/tlapm_real_altered/tlapm-main/tlapm-main:/home/ovini/Downloads/tlapm_real_altered/tlapm-main/lib/tlaps/bin'; z3 -smt2 -v:0 AUTO_CONFIG=false smt.MBQI=true "$file" >.tlacache/choice_axiom2_test.tlaps/tlapm_c1995e.smt.out
CONTENT OF FILE SENT TO BACKEND
;; TLA+ Proof Manager 1.5.0
;; Proof obligation #3
;;   generated from file "./choice_axiom2_test.tla", line 22, characters 5-11

(set-logic UFNIA)
(declare-sort u 0)
;; Standard TLA+ operators
(declare-fun tla__in (u u) Bool)
(declare-fun tla__isAFcn (u) Bool)
(declare-fun tla__DOMAIN (u) u)
(declare-fun tla__fcnapp (u u) u)

;; Terms, predicates and strings
(declare-fun a_CONSTANTunde_Iunde_a () u)
(declare-fun a_CONSTANTunde_Xunde_a () u)
(declare-fun a_CONSTANTunde_aunde_a () u)
(declare-fun a_CONSTANTunde_iunde_a () u)
(declare-fun a_aunde_unde_3a () u)

(assert
  (forall ((S_9 u) (T_10 u))
  (=> (forall ((X_6 u)) (= (tla__in X_6 S_9) (tla__in X_6 T_10))) (= S_9 T_10))))
(assert
  (forall ((F_12 u) (G_13 u))
  (=>
  (and
  (tla__isAFcn F_12) (tla__isAFcn G_13)
  (forall ((X_6 u))
  (= (tla__in X_6 (tla__DOMAIN F_12)) (tla__in X_6 (tla__DOMAIN G_13)))))
  (= (tla__DOMAIN F_12) (tla__DOMAIN G_13)))))
(assert
  (forall ((F_12 u) (G_13 u))
  (=>
  (and
  (tla__isAFcn F_12) (tla__isAFcn G_13)
  (= (tla__DOMAIN F_12) (tla__DOMAIN G_13))
  (forall ((X_6 u))
  (=>
  (tla__in X_6 (tla__DOMAIN G_13))
  (= (tla__fcnapp F_12 X_6) (tla__fcnapp G_13 X_6)))))
  (= F_12 G_13))))

;; Theorem to be Proved
(assert (not
  (tla__in
    a_aunde_unde_3a
    (tla__fcnapp a_CONSTANTunde_aunde_a a_CONSTANTunde_iunde_a))))
(assert
  (=>
    (exists ((a_CONSTANTunde_xunde_a u))
      (tla__in
        a_CONSTANTunde_xunde_a
        (tla__fcnapp a_CONSTANTunde_aunde_a a_CONSTANTunde_iunde_a)))
    (tla__in
      a_aunde_unde_3a
      (tla__fcnapp a_CONSTANTunde_aunde_a a_CONSTANTunde_iunde_a))))
(assert (tla__isAFcn a_CONSTANTunde_aunde_a))
(assert (= (tla__DOMAIN a_CONSTANTunde_aunde_a) a_CONSTANTunde_Iunde_a))
(assert
  (forall ((a_v1a u))
    (=>
      (tla__in a_v1a a_CONSTANTunde_Iunde_a)
      (tla__in
        (tla__fcnapp a_CONSTANTunde_aunde_a a_v1a) a_CONSTANTunde_Xunde_a))))
(assert
  (forall ((a_CONSTANTunde_iunde_unde_1a u))
    (=>
      (tla__in a_CONSTANTunde_iunde_unde_1a a_CONSTANTunde_Iunde_a)
      (exists ((a_v2a u))
        (tla__in
          a_v2a
          (tla__fcnapp a_CONSTANTunde_aunde_a a_CONSTANTunde_iunde_unde_1a))))))
(assert (tla__in a_CONSTANTunde_iunde_a a_CONSTANTunde_Iunde_a))

(check-sat)
(exit)

COMMAND-LINE ARGUMENT
file=.tlacache/choice_axiom2_test.tlaps/tlapm_6672a1.smt; PATH='/home/ovini/Downloads/tlapm_real_altered/tlapm-main/tlapm-main/test/lib/tlaps/bin/:/home/ovini/.local/bin:/usr/local/sbin:/usr/local/bin:/usr/sbin:/usr/bin:/sbin:/bin:/usr/games:/usr/local/games:/snap/bin:/snap/bin:/home/ovini/Downloads/tlapm_real_altered/tlapm-main/tlapm-main:/home/ovini/Downloads/tlapm_real_altered/tlapm-main/lib/tlaps/bin'; z3 -smt2 -v:0 AUTO_CONFIG=false smt.MBQI=true "$file" >.tlacache/choice_axiom2_test.tlaps/tlapm_6672a1.smt.out
CONTENT OF FILE SENT TO BACKEND
;; TLA+ Proof Manager 1.5.0
;; Proof obligation #4
;;   generated from file "./choice_axiom2_test.tla", line 23, characters 1-28

(set-logic UFNIA)
(declare-sort u 0)
;; Standard TLA+ operators
(declare-fun tla__in (u u) Bool)
(declare-fun tla__isAFcn (u) Bool)
(declare-fun tla__DOMAIN (u) u)
(declare-fun tla__fcnapp (u u) u)
(declare-fun tla__unspec (u u) u)

;; Terms, predicates and strings
(declare-fun a_CONSTANTunde_Iunde_a () u)
(declare-fun a_CONSTANTunde_Xunde_a () u)
(declare-fun a_CONSTANTunde_aunde_a () u)
(declare-fun a_aunde_unde_6a () u)
(declare-fun a_aunde_unde_7a () u)

(assert
  (forall ((S_13 u) (T_14 u))
  (=>
  (forall ((X_10 u)) (= (tla__in X_10 S_13) (tla__in X_10 T_14)))
  (= S_13 T_14))))
(assert
  (forall ((F_16 u) (G_17 u))
  (=>
  (and
  (tla__isAFcn F_16) (tla__isAFcn G_17)
  (forall ((X_10 u))
  (= (tla__in X_10 (tla__DOMAIN F_16)) (tla__in X_10 (tla__DOMAIN G_17)))))
  (= (tla__DOMAIN F_16) (tla__DOMAIN G_17)))))
(assert
  (forall ((F_16 u) (G_17 u))
  (=>
  (and
  (tla__isAFcn F_16) (tla__isAFcn G_17)
  (= (tla__DOMAIN F_16) (tla__DOMAIN G_17))
  (forall ((X_10 u))
  (=>
  (tla__in X_10 (tla__DOMAIN G_17))
  (= (tla__fcnapp F_16 X_10) (tla__fcnapp G_17 X_10)))))
  (= F_16 G_17))))

;; Theorem to be Proved
(assert (not
  (exists ((a_CONSTANTunde_funde_a u))
    (and
      (tla__isAFcn a_CONSTANTunde_funde_a)
      (= (tla__DOMAIN a_CONSTANTunde_funde_a) a_CONSTANTunde_Iunde_a)
      (forall ((a_v4a u))
        (=>
          (tla__in a_v4a a_CONSTANTunde_Iunde_a)
          (exists ((a_v5a u))
            (and
              (tla__in a_v5a a_CONSTANTunde_Iunde_a)
              (ite
                (tla__in a_v5a a_CONSTANTunde_Iunde_a)
                (tla__in
                  (tla__fcnapp a_CONSTANTunde_funde_a a_v4a)
                  (tla__fcnapp a_CONSTANTunde_aunde_a a_v5a))
                (tla__in
                  (tla__fcnapp a_CONSTANTunde_funde_a a_v4a)
                  (tla__unspec a_CONSTANTunde_aunde_a a_v5a)))))))
      (forall ((a_CONSTANTunde_iunde_a u))
        (=>
          (tla__in a_CONSTANTunde_iunde_a a_CONSTANTunde_Iunde_a)
          (ite
            (tla__in
              a_CONSTANTunde_iunde_a (tla__DOMAIN a_CONSTANTunde_funde_a))
            (tla__in
              (tla__fcnapp a_CONSTANTunde_funde_a a_CONSTANTunde_iunde_a)
              (tla__fcnapp a_CONSTANTunde_aunde_a a_CONSTANTunde_iunde_a))
            (tla__in
              (tla__unspec a_CONSTANTunde_funde_a a_CONSTANTunde_iunde_a)
              (tla__fcnapp a_CONSTANTunde_aunde_a a_CONSTANTunde_iunde_a)))))))))
(assert (tla__isAFcn a_CONSTANTunde_aunde_a))
(assert (= (tla__DOMAIN a_CONSTANTunde_aunde_a) a_CONSTANTunde_Iunde_a))
(assert
  (forall ((a_v1a u))
    (=>
      (tla__in a_v1a a_CONSTANTunde_Iunde_a)
      (tla__in
        (tla__fcnapp a_CONSTANTunde_aunde_a a_v1a) a_CONSTANTunde_Xunde_a))))
(assert
  (forall ((a_CONSTANTunde_iunde_a u) (a_aunde_unde_6a u))
    (=>
      (and
        (=>
          (exists ((a_CONSTANTunde_xunde_a u))
            (tla__in
              a_CONSTANTunde_xunde_a
              (tla__fcnapp a_CONSTANTunde_aunde_a a_CONSTANTunde_iunde_a)))
          (tla__in
            a_aunde_unde_6a
            (tla__fcnapp a_CONSTANTunde_aunde_a a_CONSTANTunde_iunde_a)))
        (tla__in a_CONSTANTunde_iunde_a a_CONSTANTunde_Iunde_a))
      (tla__in
        a_aunde_unde_6a
        (tla__fcnapp a_CONSTANTunde_aunde_a a_CONSTANTunde_iunde_a)))))
(assert
  (forall ((a_v2a u))
    (=>
      (tla__in a_v2a a_CONSTANTunde_Iunde_a)
      (exists ((a_v3a u))
        (forall ((a_aunde_unde_7a u))
          (=>
            (=>
              (exists ((a_CONSTANTunde_xunde_a u))
                (tla__in
                  a_CONSTANTunde_xunde_a
                  (tla__fcnapp a_CONSTANTunde_aunde_a a_v2a)))
              (tla__in
                a_aunde_unde_7a (tla__fcnapp a_CONSTANTunde_aunde_a a_v2a)))
            (and
              (tla__in a_v3a a_CONSTANTunde_Iunde_a)
              (ite
                (tla__in a_v3a a_CONSTANTunde_Iunde_a)
                (tla__in
                  a_aunde_unde_7a (tla__fcnapp a_CONSTANTunde_aunde_a a_v3a))
                (tla__in
                  a_aunde_unde_7a (tla__unspec a_CONSTANTunde_aunde_a a_v3a))))))))))

(check-sat)
(exit)

COMMAND-LINE ARGUMENT
file=.tlacache/choice_axiom2_test.tlaps/tlapm_ce3088.smt; PATH='/home/ovini/Downloads/tlapm_real_altered/tlapm-main/tlapm-main/test/lib/tlaps/bin/:/home/ovini/.local/bin:/usr/local/sbin:/usr/local/bin:/usr/sbin:/usr/bin:/sbin:/bin:/usr/games:/usr/local/games:/snap/bin:/snap/bin:/home/ovini/Downloads/tlapm_real_altered/tlapm-main/tlapm-main:/home/ovini/Downloads/tlapm_real_altered/tlapm-main/lib/tlaps/bin'; z3 -smt2 -v:0 AUTO_CONFIG=false smt.MBQI=true "$file" >.tlacache/choice_axiom2_test.tlaps/tlapm_ce3088.smt.out
CONTENT OF FILE SENT TO BACKEND
;; TLA+ Proof Manager 1.5.0
;; Proof obligation #7
;;   generated from file "./choice_axiom2_test.tla", line 23, characters 13-28

(set-logic UFNIA)
(declare-sort u 0)
;; Standard TLA+ operators
(declare-fun tla__in (u u) Bool)
(declare-fun tla__isAFcn (u) Bool)
(declare-fun tla__DOMAIN (u) u)
(declare-fun tla__fcnapp (u u) u)
(declare-fun tla__unspec (u u) u)

;; Terms, predicates and strings
(declare-fun a_CONSTANTunde_Iunde_a () u)
(declare-fun a_CONSTANTunde_Xunde_a () u)
(declare-fun a_CONSTANTunde_aunde_a () u)
(declare-fun a_aunde_unde_10a () u)
(declare-fun a_aunde_unde_7a () u)
(declare-fun a_aunde_unde_8a () u)
(declare-fun a_aunde_unde_9a () u)

(assert
  (forall ((S_16 u) (T_17 u))
  (=>
  (forall ((X_13 u)) (= (tla__in X_13 S_16) (tla__in X_13 T_17)))
  (= S_16 T_17))))
(assert
  (forall ((F_19 u) (G_20 u))
  (=>
  (and
  (tla__isAFcn F_19) (tla__isAFcn G_20)
  (forall ((X_13 u))
  (= (tla__in X_13 (tla__DOMAIN F_19)) (tla__in X_13 (tla__DOMAIN G_20)))))
  (= (tla__DOMAIN F_19) (tla__DOMAIN G_20)))))
(assert
  (forall ((F_19 u) (G_20 u))
  (=>
  (and
  (tla__isAFcn F_19) (tla__isAFcn G_20)
  (= (tla__DOMAIN F_19) (tla__DOMAIN G_20))
  (forall ((X_13 u))
  (=>
  (tla__in X_13 (tla__DOMAIN G_20))
  (= (tla__fcnapp F_19 X_13) (tla__fcnapp G_20 X_13)))))
  (= F_19 G_20))))

;; Theorem to be Proved
(assert (not
  (forall ((a_v5a u))
    (=>
      (tla__in a_v5a a_CONSTANTunde_Iunde_a)
      (exists ((a_v6a u))
        (forall ((a_aunde_unde_7a u))
          (=>
            (=>
              (exists ((a_CONSTANTunde_xunde_a u))
                (tla__in
                  a_CONSTANTunde_xunde_a
                  (tla__fcnapp a_CONSTANTunde_aunde_a a_v5a)))
              (tla__in
                a_aunde_unde_7a (tla__fcnapp a_CONSTANTunde_aunde_a a_v5a)))
            (and
              (tla__in a_v6a a_CONSTANTunde_Iunde_a)
              (ite
                (tla__in a_v6a a_CONSTANTunde_Iunde_a)
                (tla__in
                  a_aunde_unde_7a (tla__fcnapp a_CONSTANTunde_aunde_a a_v6a))
                (tla__in
                  a_aunde_unde_7a (tla__unspec a_CONSTANTunde_aunde_a a_v6a)))))))))))
(assert (tla__isAFcn a_CONSTANTunde_aunde_a))
(assert (= (tla__DOMAIN a_CONSTANTunde_aunde_a) a_CONSTANTunde_Iunde_a))
(assert
  (forall ((a_v1a u))
    (=>
      (tla__in a_v1a a_CONSTANTunde_Iunde_a)
      (tla__in
        (tla__fcnapp a_CONSTANTunde_aunde_a a_v1a) a_CONSTANTunde_Xunde_a))))
(assert
  (forall ((a_CONSTANTunde_iunde_a u))
    (=>
      (tla__in a_CONSTANTunde_iunde_a a_CONSTANTunde_Iunde_a)
      (exists ((a_v2a u))
        (tla__in
          a_v2a (tla__fcnapp a_CONSTANTunde_aunde_a a_CONSTANTunde_iunde_a))))))
(assert
  (forall ((a_CONSTANTunde_iunde_a u) (a_aunde_unde_8a u))
    (=>
      (and
        (=>
          (exists ((a_CONSTANTunde_xunde_a u))
            (tla__in
              a_CONSTANTunde_xunde_a
              (tla__fcnapp a_CONSTANTunde_aunde_a a_CONSTANTunde_iunde_a)))
          (tla__in
            a_aunde_unde_8a
            (tla__fcnapp a_CONSTANTunde_aunde_a a_CONSTANTunde_iunde_a)))
        (tla__in a_CONSTANTunde_iunde_a a_CONSTANTunde_Iunde_a))
      (tla__in
        a_aunde_unde_8a
        (tla__fcnapp a_CONSTANTunde_aunde_a a_CONSTANTunde_iunde_a)))))
(assert
  (forall ((a_CONSTANTunde_iunde_a u) (a_aunde_unde_9a u))
    (=>
      (and
        (=>
          (exists ((a_CONSTANTunde_xunde_a u))
            (tla__in
              a_CONSTANTunde_xunde_a
              (tla__fcnapp a_CONSTANTunde_aunde_a a_CONSTANTunde_iunde_a)))
          (tla__in
            a_aunde_unde_9a
            (tla__fcnapp a_CONSTANTunde_aunde_a a_CONSTANTunde_iunde_a)))
        (tla__in a_CONSTANTunde_iunde_a a_CONSTANTunde_Iunde_a))
      (tla__in
        a_aunde_unde_9a
        (tla__fcnapp a_CONSTANTunde_aunde_a a_CONSTANTunde_iunde_a)))))
(assert
  (forall ((a_v3a u))
    (=>
      (tla__in a_v3a a_CONSTANTunde_Iunde_a)
      (exists ((a_v4a u))
        (forall ((a_aunde_unde_10a u))
          (=>
            (=>
              (exists ((a_CONSTANTunde_xunde_a u))
                (tla__in
                  a_CONSTANTunde_xunde_a
                  (tla__fcnapp a_CONSTANTunde_aunde_a a_v3a)))
              (tla__in
                a_aunde_unde_10a (tla__fcnapp a_CONSTANTunde_aunde_a a_v3a)))
            (and
              (tla__in a_v4a a_CONSTANTunde_Iunde_a)
              (ite
                (tla__in a_v4a a_CONSTANTunde_Iunde_a)
                (tla__in
                  a_aunde_unde_10a (tla__fcnapp a_CONSTANTunde_aunde_a a_v4a))
                (tla__in
                  a_aunde_unde_10a (tla__unspec a_CONSTANTunde_aunde_a a_v4a))))))))))

(check-sat)
(exit)

COMMAND-LINE ARGUMENT
file=.tlacache/choice_axiom2_test.tlaps/tlapm_3bb3fd.smt; PATH='/home/ovini/Downloads/tlapm_real_altered/tlapm-main/tlapm-main/test/lib/tlaps/bin/:/home/ovini/.local/bin:/usr/local/sbin:/usr/local/bin:/usr/sbin:/usr/bin:/sbin:/bin:/usr/games:/usr/local/games:/snap/bin:/snap/bin:/home/ovini/Downloads/tlapm_real_altered/tlapm-main/tlapm-main:/home/ovini/Downloads/tlapm_real_altered/tlapm-main/lib/tlaps/bin'; z3 -smt2 -v:0 AUTO_CONFIG=false smt.MBQI=true "$file" >.tlacache/choice_axiom2_test.tlaps/tlapm_3bb3fd.smt.out
CONTENT OF FILE SENT TO BACKEND
;; TLA+ Proof Manager 1.5.0
;; Proof obligation #8
;;   generated from file "./choice_axiom2_test.tla", line 23, characters 13-28

(set-logic UFNIA)
(declare-sort u 0)
;; Standard TLA+ operators
(declare-fun tla__in (u u) Bool)
(declare-fun tla__isAFcn (u) Bool)
(declare-fun tla__DOMAIN (u) u)
(declare-fun tla__fcnapp (u u) u)
(declare-fun tla__unspec (u u) u)

;; Terms, predicates and strings
(declare-fun a_CONSTANTunde_Iunde_a () u)
(declare-fun a_CONSTANTunde_Xunde_a () u)
(declare-fun a_CONSTANTunde_aunde_a () u)
(declare-fun a_aunde_unde_5a () u)
(declare-fun a_aunde_unde_6a () u)
(declare-fun a_aunde_unde_7a () u)

(assert
  (forall ((S_13 u) (T_14 u))
  (=>
  (forall ((X_10 u)) (= (tla__in X_10 S_13) (tla__in X_10 T_14)))
  (= S_13 T_14))))
(assert
  (forall ((F_16 u) (G_17 u))
  (=>
  (and
  (tla__isAFcn F_16) (tla__isAFcn G_17)
  (forall ((X_10 u))
  (= (tla__in X_10 (tla__DOMAIN F_16)) (tla__in X_10 (tla__DOMAIN G_17)))))
  (= (tla__DOMAIN F_16) (tla__DOMAIN G_17)))))
(assert
  (forall ((F_16 u) (G_17 u))
  (=>
  (and
  (tla__isAFcn F_16) (tla__isAFcn G_17)
  (= (tla__DOMAIN F_16) (tla__DOMAIN G_17))
  (forall ((X_10 u))
  (=>
  (tla__in X_10 (tla__DOMAIN G_17))
  (= (tla__fcnapp F_16 X_10) (tla__fcnapp G_17 X_10)))))
  (= F_16 G_17))))

;; Theorem to be Proved
(assert (not
  (forall ((a_v3a u))
    (=>
      (tla__in a_v3a a_CONSTANTunde_Iunde_a)
      (exists ((a_v4a u))
        (forall ((a_aunde_unde_5a u))
          (=>
            (=>
              (exists ((a_CONSTANTunde_xunde_a u))
                (tla__in
                  a_CONSTANTunde_xunde_a
                  (tla__fcnapp a_CONSTANTunde_aunde_a a_v3a)))
              (tla__in
                a_aunde_unde_5a (tla__fcnapp a_CONSTANTunde_aunde_a a_v3a)))
            (and
              (tla__in a_v4a a_CONSTANTunde_Iunde_a)
              (ite
                (tla__in a_v4a a_CONSTANTunde_Iunde_a)
                (tla__in
                  a_aunde_unde_5a (tla__fcnapp a_CONSTANTunde_aunde_a a_v4a))
                (tla__in
                  a_aunde_unde_5a (tla__unspec a_CONSTANTunde_aunde_a a_v4a)))))))))))
(assert (tla__isAFcn a_CONSTANTunde_aunde_a))
(assert (= (tla__DOMAIN a_CONSTANTunde_aunde_a) a_CONSTANTunde_Iunde_a))
(assert
  (forall ((a_v1a u))
    (=>
      (tla__in a_v1a a_CONSTANTunde_Iunde_a)
      (tla__in
        (tla__fcnapp a_CONSTANTunde_aunde_a a_v1a) a_CONSTANTunde_Xunde_a))))
(assert
  (forall ((a_CONSTANTunde_iunde_a u))
    (=>
      (tla__in a_CONSTANTunde_iunde_a a_CONSTANTunde_Iunde_a)
      (exists ((a_v2a u))
        (tla__in
          a_v2a (tla__fcnapp a_CONSTANTunde_aunde_a a_CONSTANTunde_iunde_a))))))
(assert
  (forall ((a_CONSTANTunde_iunde_a u) (a_aunde_unde_6a u))
    (=>
      (and
        (=>
          (exists ((a_CONSTANTunde_xunde_a u))
            (tla__in
              a_CONSTANTunde_xunde_a
              (tla__fcnapp a_CONSTANTunde_aunde_a a_CONSTANTunde_iunde_a)))
          (tla__in
            a_aunde_unde_6a
            (tla__fcnapp a_CONSTANTunde_aunde_a a_CONSTANTunde_iunde_a)))
        (tla__in a_CONSTANTunde_iunde_a a_CONSTANTunde_Iunde_a))
      (tla__in
        a_aunde_unde_6a
        (tla__fcnapp a_CONSTANTunde_aunde_a a_CONSTANTunde_iunde_a)))))
(assert
  (forall ((a_CONSTANTunde_iunde_a u) (a_aunde_unde_7a u))
    (=>
      (and
        (=>
          (exists ((a_CONSTANTunde_xunde_a u))
            (tla__in
              a_CONSTANTunde_xunde_a
              (tla__fcnapp a_CONSTANTunde_aunde_a a_CONSTANTunde_iunde_a)))
          (tla__in
            a_aunde_unde_7a
            (tla__fcnapp a_CONSTANTunde_aunde_a a_CONSTANTunde_iunde_a)))
        (tla__in a_CONSTANTunde_iunde_a a_CONSTANTunde_Iunde_a))
      (tla__in
        a_aunde_unde_7a
        (tla__fcnapp a_CONSTANTunde_aunde_a a_CONSTANTunde_iunde_a)))))

(check-sat)
(exit)

RESULT
unsat

RESULT
unsat

RESULT
unsat

RESULT
unsat

RESULT
unsat

(* created new ".tlacache/choice_axiom2_test.tlaps/choice_axiom2_test.thy" *)
(* fingerprints written in ".tlacache/choice_axiom2_test.tlaps/fingerprints" *)
